Archive member included because of file (symbol)

P:\Libero\Mario-CM_Flex-EMG_newarch\Mario-CM_Flex-EMG_noam\SoftConsole\Mario_Libero_MSS_CM3\Mario_Libero_MSS_CM3_hw_platform\Debug\libMario_Libero_MSS_CM3_hw_platform.a(mss_spi.o)
                              ./main_SPI.o (g_mss_spi0)
P:\Libero\Mario-CM_Flex-EMG_newarch\Mario-CM_Flex-EMG_noam\SoftConsole\Mario_Libero_MSS_CM3\Mario_Libero_MSS_CM3_hw_platform\Debug\libMario_Libero_MSS_CM3_hw_platform.a(mss_pdma.o)
                              ./main_SPI.o (PDMA_init)
P:\Libero\Mario-CM_Flex-EMG_newarch\Mario-CM_Flex-EMG_noam\SoftConsole\Mario_Libero_MSS_CM3\Mario_Libero_MSS_CM3_hw_platform\Debug\libMario_Libero_MSS_CM3_hw_platform.a(mss_gpio.o)
                              ./utils.o (MSS_GPIO_init)
P:\Libero\Mario-CM_Flex-EMG_newarch\Mario-CM_Flex-EMG_noam\SoftConsole\Mario_Libero_MSS_CM3\Mario_Libero_MSS_CM3_hw_platform\Debug\libMario_Libero_MSS_CM3_hw_platform.a(core_gpio.o)
                              ./utils.o (GPIO_init)
P:\Libero\Mario-CM_Flex-EMG_newarch\Mario-CM_Flex-EMG_noam\SoftConsole\Mario_Libero_MSS_CM3\Mario_Libero_MSS_CM3_hw_platform\Debug\libMario_Libero_MSS_CM3_hw_platform.a(system_m2sxxx.o)
                              P:/Libero/Mario-CM_Flex-EMG_newarch/Mario-CM_Flex-EMG_noam/SoftConsole/Mario_Libero_MSS_CM3/Mario_Libero_MSS_CM3_hw_platform/Debug/CMSIS/startup_gcc/startup_m2sxxx.o (SystemInit)
P:\Libero\Mario-CM_Flex-EMG_newarch\Mario-CM_Flex-EMG_noam\SoftConsole\Mario_Libero_MSS_CM3\Mario_Libero_MSS_CM3_hw_platform\Debug\libMario_Libero_MSS_CM3_hw_platform.a(hw_reg_access.o)
                              P:\Libero\Mario-CM_Flex-EMG_newarch\Mario-CM_Flex-EMG_noam\SoftConsole\Mario_Libero_MSS_CM3\Mario_Libero_MSS_CM3_hw_platform\Debug\libMario_Libero_MSS_CM3_hw_platform.a(core_gpio.o) (HW_set_32bit_reg)
c:/program files (x86)/microsemi/softconsole v3.4/sourcery-g++/bin/../lib/gcc/arm-none-eabi/4.4.1/../../../../arm-none-eabi/lib/thumb2\libc.a(lib_a-errno.o)
                              P:/Libero/Mario-CM_Flex-EMG_newarch/Mario-CM_Flex-EMG_noam/SoftConsole/Mario_Libero_MSS_CM3/Mario_Libero_MSS_CM3_hw_platform/Debug/CMSIS/startup_gcc/newlib_stubs.o (__errno)
c:/program files (x86)/microsemi/softconsole v3.4/sourcery-g++/bin/../lib/gcc/arm-none-eabi/4.4.1/../../../../arm-none-eabi/lib/thumb2\libc.a(lib_a-impure.o)
                              c:/program files (x86)/microsemi/softconsole v3.4/sourcery-g++/bin/../lib/gcc/arm-none-eabi/4.4.1/../../../../arm-none-eabi/lib/thumb2\libc.a(lib_a-errno.o) (_impure_ptr)
c:/program files (x86)/microsemi/softconsole v3.4/sourcery-g++/bin/../lib/gcc/arm-none-eabi/4.4.1/../../../../arm-none-eabi/lib/thumb2\libc.a(lib_a-init.o)
                              P:/Libero/Mario-CM_Flex-EMG_newarch/Mario-CM_Flex-EMG_noam/SoftConsole/Mario_Libero_MSS_CM3/Mario_Libero_MSS_CM3_hw_platform/Debug/CMSIS/startup_gcc/startup_m2sxxx.o (__libc_init_array)
c:/program files (x86)/microsemi/softconsole v3.4/sourcery-g++/bin/../lib/gcc/arm-none-eabi/4.4.1/../../../../arm-none-eabi/lib/thumb2\libc.a(lib_a-memcpy.o)
                              ./main_SPI.o (memcpy)
c:/program files (x86)/microsemi/softconsole v3.4/sourcery-g++/bin/../lib/gcc/arm-none-eabi/4.4.1/../../../../arm-none-eabi/lib/thumb2\libc.a(lib_a-memset.o)
                              ./dbg.o (memset)

Allocating common symbols
Common symbol       size              file

nm_regs             0x3e              ./utils.o
g_mss_spi1          0x84              P:\Libero\Mario-CM_Flex-EMG_newarch\Mario-CM_Flex-EMG_noam\SoftConsole\Mario_Libero_MSS_CM3\Mario_Libero_MSS_CM3_hw_platform\Debug\libMario_Libero_MSS_CM3_hw_platform.a(mss_spi.o)
gpio_core_handle    0x8               ./utils.o
spi_regvals         0x3fc             ./dbg.o
MPU6050_fifo_error  0x4               ./mpu6050.o
nm_ack_debug        0x7d0             ./dbg.o
MPU6050_data_ready  0x4               ./mpu6050.o
g_mss_spi0          0x84              P:\Libero\Mario-CM_Flex-EMG_newarch\Mario-CM_Flex-EMG_noam\SoftConsole\Mario_Libero_MSS_CM3\Mario_Libero_MSS_CM3_hw_platform\Debug\libMario_Libero_MSS_CM3_hw_platform.a(mss_spi.o)

Discarded input sections

 .text          0x00000000        0x0 c:/program files (x86)/microsemi/softconsole v3.4/sourcery-g++/bin/../lib/gcc/arm-none-eabi/4.4.1/thumb2/crti.o
 .data          0x00000000        0x0 c:/program files (x86)/microsemi/softconsole v3.4/sourcery-g++/bin/../lib/gcc/arm-none-eabi/4.4.1/thumb2/crti.o
 .bss           0x00000000        0x0 c:/program files (x86)/microsemi/softconsole v3.4/sourcery-g++/bin/../lib/gcc/arm-none-eabi/4.4.1/thumb2/crti.o
 .data          0x00000000        0x4 c:/program files (x86)/microsemi/softconsole v3.4/sourcery-g++/bin/../lib/gcc/arm-none-eabi/4.4.1/thumb2/crtbegin.o
 .text          0x00000000        0x0 ./dbg.o
 .data          0x00000000        0x0 ./dbg.o
 .bss           0x00000000        0x0 ./dbg.o
 .data.spi0_addr
                0x00000000        0x4 ./dbg.o
 .text.dbg_clear_SPI_regcounts
                0x00000000       0x1c ./dbg.o
 .text.dbg_read_SPI_register
                0x00000000       0x24 ./dbg.o
 .text.dbg_read_SPI_registers
                0x00000000      0x344 ./dbg.o
 .bss.nm_ack_debug_indx
                0x00000000        0x4 ./dbg.o
 .text.dbg_init_nm_record
                0x00000000       0x1c ./dbg.o
 .text.dbg_record_nm_ack
                0x00000000       0x58 ./dbg.o
 COMMON         0x00000000      0xbcc ./dbg.o
 .text          0x00000000        0x0 ./isr.o
 .data          0x00000000        0x0 ./isr.o
 .bss           0x00000000        0x0 ./isr.o
 .text          0x00000000        0x0 ./main_SPI.o
 .data          0x00000000        0x0 ./main_SPI.o
 .bss           0x00000000        0x0 ./main_SPI.o
 .text          0x00000000        0x0 ./mpu6050.o
 .data          0x00000000        0x0 ./mpu6050.o
 .bss           0x00000000        0x0 ./mpu6050.o
 .data.reg_sample_rate
                0x00000000        0x4 ./mpu6050.o
 .data.mpu_last_X
                0x00000000        0x4 ./mpu6050.o
 .data.mpu_last_Y
                0x00000000        0x4 ./mpu6050.o
 .data.mpu_last_Z
                0x00000000        0x4 ./mpu6050.o
 .text.MPU6050_reset_FIFO
                0x00000000       0xa8 ./mpu6050.o
 COMMON         0x00000000        0x8 ./mpu6050.o
 .text          0x00000000        0x0 ./utils.o
 .data          0x00000000        0x0 ./utils.o
 .bss           0x00000000        0x0 ./utils.o
 .data.rst      0x00000000        0x4 ./utils.o
 .data.pdma     0x00000000        0x4 ./utils.o
 .data.dbg_nm0_stim_cnt
                0x00000000        0x4 ./utils.o
 .data.dbg_nm1_stim_cnt
                0x00000000        0x4 ./utils.o
 .text.readNMreg
                0x00000000      0x138 ./utils.o
 .text.readAllNMregs
                0x00000000       0x54 ./utils.o
 .text.NMon     0x00000000       0x88 ./utils.o
 .text.NMoff    0x00000000       0x88 ./utils.o
 .text.NMreset  0x00000000       0x88 ./utils.o
 .text          0x00000000        0x0 P:/Libero/Mario-CM_Flex-EMG_newarch/Mario-CM_Flex-EMG_noam/SoftConsole/Mario_Libero_MSS_CM3/Mario_Libero_MSS_CM3_hw_platform/Debug/CMSIS/startup_gcc/startup_m2sxxx.o
 .data          0x00000000        0x0 P:/Libero/Mario-CM_Flex-EMG_newarch/Mario-CM_Flex-EMG_noam/SoftConsole/Mario_Libero_MSS_CM3/Mario_Libero_MSS_CM3_hw_platform/Debug/CMSIS/startup_gcc/startup_m2sxxx.o
 .bss           0x00000000        0x0 P:/Libero/Mario-CM_Flex-EMG_newarch/Mario-CM_Flex-EMG_noam/SoftConsole/Mario_Libero_MSS_CM3/Mario_Libero_MSS_CM3_hw_platform/Debug/CMSIS/startup_gcc/startup_m2sxxx.o
 .text          0x00000000        0x0 P:/Libero/Mario-CM_Flex-EMG_newarch/Mario-CM_Flex-EMG_noam/SoftConsole/Mario_Libero_MSS_CM3/Mario_Libero_MSS_CM3_hw_platform/Debug/CMSIS/startup_gcc/newlib_stubs.o
 .data          0x00000000        0x0 P:/Libero/Mario-CM_Flex-EMG_newarch/Mario-CM_Flex-EMG_noam/SoftConsole/Mario_Libero_MSS_CM3/Mario_Libero_MSS_CM3_hw_platform/Debug/CMSIS/startup_gcc/newlib_stubs.o
 .bss           0x00000000        0x0 P:/Libero/Mario-CM_Flex-EMG_newarch/Mario-CM_Flex-EMG_noam/SoftConsole/Mario_Libero_MSS_CM3/Mario_Libero_MSS_CM3_hw_platform/Debug/CMSIS/startup_gcc/newlib_stubs.o
 .bss.__env     0x00000000        0x4 P:/Libero/Mario-CM_Flex-EMG_newarch/Mario-CM_Flex-EMG_noam/SoftConsole/Mario_Libero_MSS_CM3/Mario_Libero_MSS_CM3_hw_platform/Debug/CMSIS/startup_gcc/newlib_stubs.o
 .data.environ  0x00000000        0x4 P:/Libero/Mario-CM_Flex-EMG_newarch/Mario-CM_Flex-EMG_noam/SoftConsole/Mario_Libero_MSS_CM3/Mario_Libero_MSS_CM3_hw_platform/Debug/CMSIS/startup_gcc/newlib_stubs.o
 .text._close   0x00000000       0x18 P:/Libero/Mario-CM_Flex-EMG_newarch/Mario-CM_Flex-EMG_noam/SoftConsole/Mario_Libero_MSS_CM3/Mario_Libero_MSS_CM3_hw_platform/Debug/CMSIS/startup_gcc/newlib_stubs.o
 .text._execve  0x00000000       0x28 P:/Libero/Mario-CM_Flex-EMG_newarch/Mario-CM_Flex-EMG_noam/SoftConsole/Mario_Libero_MSS_CM3/Mario_Libero_MSS_CM3_hw_platform/Debug/CMSIS/startup_gcc/newlib_stubs.o
 .text._exit    0x00000000        0xc P:/Libero/Mario-CM_Flex-EMG_newarch/Mario-CM_Flex-EMG_noam/SoftConsole/Mario_Libero_MSS_CM3/Mario_Libero_MSS_CM3_hw_platform/Debug/CMSIS/startup_gcc/newlib_stubs.o
 .text._fork    0x00000000       0x18 P:/Libero/Mario-CM_Flex-EMG_newarch/Mario-CM_Flex-EMG_noam/SoftConsole/Mario_Libero_MSS_CM3/Mario_Libero_MSS_CM3_hw_platform/Debug/CMSIS/startup_gcc/newlib_stubs.o
 .text._fstat   0x00000000       0x24 P:/Libero/Mario-CM_Flex-EMG_newarch/Mario-CM_Flex-EMG_noam/SoftConsole/Mario_Libero_MSS_CM3/Mario_Libero_MSS_CM3_hw_platform/Debug/CMSIS/startup_gcc/newlib_stubs.o
 .text._getpid  0x00000000       0x10 P:/Libero/Mario-CM_Flex-EMG_newarch/Mario-CM_Flex-EMG_noam/SoftConsole/Mario_Libero_MSS_CM3/Mario_Libero_MSS_CM3_hw_platform/Debug/CMSIS/startup_gcc/newlib_stubs.o
 .text._isatty  0x00000000       0x18 P:/Libero/Mario-CM_Flex-EMG_newarch/Mario-CM_Flex-EMG_noam/SoftConsole/Mario_Libero_MSS_CM3/Mario_Libero_MSS_CM3_hw_platform/Debug/CMSIS/startup_gcc/newlib_stubs.o
 .text._kill    0x00000000       0x24 P:/Libero/Mario-CM_Flex-EMG_newarch/Mario-CM_Flex-EMG_noam/SoftConsole/Mario_Libero_MSS_CM3/Mario_Libero_MSS_CM3_hw_platform/Debug/CMSIS/startup_gcc/newlib_stubs.o
 .text._link    0x00000000       0x24 P:/Libero/Mario-CM_Flex-EMG_newarch/Mario-CM_Flex-EMG_noam/SoftConsole/Mario_Libero_MSS_CM3/Mario_Libero_MSS_CM3_hw_platform/Debug/CMSIS/startup_gcc/newlib_stubs.o
 .text._lseek   0x00000000       0x1c P:/Libero/Mario-CM_Flex-EMG_newarch/Mario-CM_Flex-EMG_noam/SoftConsole/Mario_Libero_MSS_CM3/Mario_Libero_MSS_CM3_hw_platform/Debug/CMSIS/startup_gcc/newlib_stubs.o
 .text._open    0x00000000       0x1c P:/Libero/Mario-CM_Flex-EMG_newarch/Mario-CM_Flex-EMG_noam/SoftConsole/Mario_Libero_MSS_CM3/Mario_Libero_MSS_CM3_hw_platform/Debug/CMSIS/startup_gcc/newlib_stubs.o
 .text._read    0x00000000       0x1c P:/Libero/Mario-CM_Flex-EMG_newarch/Mario-CM_Flex-EMG_noam/SoftConsole/Mario_Libero_MSS_CM3/Mario_Libero_MSS_CM3_hw_platform/Debug/CMSIS/startup_gcc/newlib_stubs.o
 .text._write_r
                0x00000000       0x20 P:/Libero/Mario-CM_Flex-EMG_newarch/Mario-CM_Flex-EMG_noam/SoftConsole/Mario_Libero_MSS_CM3/Mario_Libero_MSS_CM3_hw_platform/Debug/CMSIS/startup_gcc/newlib_stubs.o
 .rodata        0x00000000       0x30 P:/Libero/Mario-CM_Flex-EMG_newarch/Mario-CM_Flex-EMG_noam/SoftConsole/Mario_Libero_MSS_CM3/Mario_Libero_MSS_CM3_hw_platform/Debug/CMSIS/startup_gcc/newlib_stubs.o
 .text._sbrk    0x00000000       0xe4 P:/Libero/Mario-CM_Flex-EMG_newarch/Mario-CM_Flex-EMG_noam/SoftConsole/Mario_Libero_MSS_CM3/Mario_Libero_MSS_CM3_hw_platform/Debug/CMSIS/startup_gcc/newlib_stubs.o
 .text._stat    0x00000000       0x24 P:/Libero/Mario-CM_Flex-EMG_newarch/Mario-CM_Flex-EMG_noam/SoftConsole/Mario_Libero_MSS_CM3/Mario_Libero_MSS_CM3_hw_platform/Debug/CMSIS/startup_gcc/newlib_stubs.o
 .text._times   0x00000000       0x18 P:/Libero/Mario-CM_Flex-EMG_newarch/Mario-CM_Flex-EMG_noam/SoftConsole/Mario_Libero_MSS_CM3/Mario_Libero_MSS_CM3_hw_platform/Debug/CMSIS/startup_gcc/newlib_stubs.o
 .text._unlink  0x00000000       0x24 P:/Libero/Mario-CM_Flex-EMG_newarch/Mario-CM_Flex-EMG_noam/SoftConsole/Mario_Libero_MSS_CM3/Mario_Libero_MSS_CM3_hw_platform/Debug/CMSIS/startup_gcc/newlib_stubs.o
 .text._wait    0x00000000       0x24 P:/Libero/Mario-CM_Flex-EMG_newarch/Mario-CM_Flex-EMG_noam/SoftConsole/Mario_Libero_MSS_CM3/Mario_Libero_MSS_CM3_hw_platform/Debug/CMSIS/startup_gcc/newlib_stubs.o
 .bss.heap_end.2220
                0x00000000        0x4 P:/Libero/Mario-CM_Flex-EMG_newarch/Mario-CM_Flex-EMG_noam/SoftConsole/Mario_Libero_MSS_CM3/Mario_Libero_MSS_CM3_hw_platform/Debug/CMSIS/startup_gcc/newlib_stubs.o
 .text          0x00000000        0x0 P:\Libero\Mario-CM_Flex-EMG_newarch\Mario-CM_Flex-EMG_noam\SoftConsole\Mario_Libero_MSS_CM3\Mario_Libero_MSS_CM3_hw_platform\Debug\libMario_Libero_MSS_CM3_hw_platform.a(mss_spi.o)
 .data          0x00000000        0x0 P:\Libero\Mario-CM_Flex-EMG_newarch\Mario-CM_Flex-EMG_noam\SoftConsole\Mario_Libero_MSS_CM3\Mario_Libero_MSS_CM3_hw_platform\Debug\libMario_Libero_MSS_CM3_hw_platform.a(mss_spi.o)
 .bss           0x00000000        0x0 P:\Libero\Mario-CM_Flex-EMG_newarch\Mario-CM_Flex-EMG_noam\SoftConsole\Mario_Libero_MSS_CM3\Mario_Libero_MSS_CM3_hw_platform\Debug\libMario_Libero_MSS_CM3_hw_platform.a(mss_spi.o)
 .text.MSS_SPI_configure_slave_mode
                0x00000000       0xd0 P:\Libero\Mario-CM_Flex-EMG_newarch\Mario-CM_Flex-EMG_noam\SoftConsole\Mario_Libero_MSS_CM3\Mario_Libero_MSS_CM3_hw_platform\Debug\libMario_Libero_MSS_CM3_hw_platform.a(mss_spi.o)
 .text.MSS_SPI_transfer_frame
                0x00000000       0xc0 P:\Libero\Mario-CM_Flex-EMG_newarch\Mario-CM_Flex-EMG_noam\SoftConsole\Mario_Libero_MSS_CM3\Mario_Libero_MSS_CM3_hw_platform\Debug\libMario_Libero_MSS_CM3_hw_platform.a(mss_spi.o)
 .text.MSS_SPI_set_frame_rx_handler
                0x00000000       0xf0 P:\Libero\Mario-CM_Flex-EMG_newarch\Mario-CM_Flex-EMG_noam\SoftConsole\Mario_Libero_MSS_CM3\Mario_Libero_MSS_CM3_hw_platform\Debug\libMario_Libero_MSS_CM3_hw_platform.a(mss_spi.o)
 .text.MSS_SPI_set_slave_tx_frame
                0x00000000      0x110 P:\Libero\Mario-CM_Flex-EMG_newarch\Mario-CM_Flex-EMG_noam\SoftConsole\Mario_Libero_MSS_CM3\Mario_Libero_MSS_CM3_hw_platform\Debug\libMario_Libero_MSS_CM3_hw_platform.a(mss_spi.o)
 .text.MSS_SPI_set_slave_block_buffers
                0x00000000      0x23c P:\Libero\Mario-CM_Flex-EMG_newarch\Mario-CM_Flex-EMG_noam\SoftConsole\Mario_Libero_MSS_CM3\Mario_Libero_MSS_CM3_hw_platform\Debug\libMario_Libero_MSS_CM3_hw_platform.a(mss_spi.o)
 .text.MSS_SPI_set_cmd_handler
                0x00000000       0xc4 P:\Libero\Mario-CM_Flex-EMG_newarch\Mario-CM_Flex-EMG_noam\SoftConsole\Mario_Libero_MSS_CM3\Mario_Libero_MSS_CM3_hw_platform\Debug\libMario_Libero_MSS_CM3_hw_platform.a(mss_spi.o)
 .text.MSS_SPI_set_cmd_response
                0x00000000       0x38 P:\Libero\Mario-CM_Flex-EMG_newarch\Mario-CM_Flex-EMG_noam\SoftConsole\Mario_Libero_MSS_CM3\Mario_Libero_MSS_CM3_hw_platform\Debug\libMario_Libero_MSS_CM3_hw_platform.a(mss_spi.o)
 .text.MSS_SPI_tx_done
                0x00000000       0x24 P:\Libero\Mario-CM_Flex-EMG_newarch\Mario-CM_Flex-EMG_noam\SoftConsole\Mario_Libero_MSS_CM3\Mario_Libero_MSS_CM3_hw_platform\Debug\libMario_Libero_MSS_CM3_hw_platform.a(mss_spi.o)
 .text          0x00000000        0x0 P:\Libero\Mario-CM_Flex-EMG_newarch\Mario-CM_Flex-EMG_noam\SoftConsole\Mario_Libero_MSS_CM3\Mario_Libero_MSS_CM3_hw_platform\Debug\libMario_Libero_MSS_CM3_hw_platform.a(mss_pdma.o)
 .data          0x00000000        0x0 P:\Libero\Mario-CM_Flex-EMG_newarch\Mario-CM_Flex-EMG_noam\SoftConsole\Mario_Libero_MSS_CM3\Mario_Libero_MSS_CM3_hw_platform\Debug\libMario_Libero_MSS_CM3_hw_platform.a(mss_pdma.o)
 .bss           0x00000000        0x0 P:\Libero\Mario-CM_Flex-EMG_newarch\Mario-CM_Flex-EMG_noam\SoftConsole\Mario_Libero_MSS_CM3\Mario_Libero_MSS_CM3_hw_platform\Debug\libMario_Libero_MSS_CM3_hw_platform.a(mss_pdma.o)
 .text.PDMA_load_next_buffer
                0x00000000      0x1d0 P:\Libero\Mario-CM_Flex-EMG_newarch\Mario-CM_Flex-EMG_noam\SoftConsole\Mario_Libero_MSS_CM3\Mario_Libero_MSS_CM3_hw_platform\Debug\libMario_Libero_MSS_CM3_hw_platform.a(mss_pdma.o)
 .text.PDMA_status
                0x00000000       0x38 P:\Libero\Mario-CM_Flex-EMG_newarch\Mario-CM_Flex-EMG_noam\SoftConsole\Mario_Libero_MSS_CM3\Mario_Libero_MSS_CM3_hw_platform\Debug\libMario_Libero_MSS_CM3_hw_platform.a(mss_pdma.o)
 .text          0x00000000        0x0 P:\Libero\Mario-CM_Flex-EMG_newarch\Mario-CM_Flex-EMG_noam\SoftConsole\Mario_Libero_MSS_CM3\Mario_Libero_MSS_CM3_hw_platform\Debug\libMario_Libero_MSS_CM3_hw_platform.a(mss_gpio.o)
 .data          0x00000000        0x0 P:\Libero\Mario-CM_Flex-EMG_newarch\Mario-CM_Flex-EMG_noam\SoftConsole\Mario_Libero_MSS_CM3\Mario_Libero_MSS_CM3_hw_platform\Debug\libMario_Libero_MSS_CM3_hw_platform.a(mss_gpio.o)
 .bss           0x00000000        0x0 P:\Libero\Mario-CM_Flex-EMG_newarch\Mario-CM_Flex-EMG_noam\SoftConsole\Mario_Libero_MSS_CM3\Mario_Libero_MSS_CM3_hw_platform\Debug\libMario_Libero_MSS_CM3_hw_platform.a(mss_gpio.o)
 .text.MSS_GPIO_drive_inout
                0x00000000      0x128 P:\Libero\Mario-CM_Flex-EMG_newarch\Mario-CM_Flex-EMG_noam\SoftConsole\Mario_Libero_MSS_CM3\Mario_Libero_MSS_CM3_hw_platform\Debug\libMario_Libero_MSS_CM3_hw_platform.a(mss_gpio.o)
 .text.MSS_GPIO_disable_irq
                0x00000000       0x50 P:\Libero\Mario-CM_Flex-EMG_newarch\Mario-CM_Flex-EMG_noam\SoftConsole\Mario_Libero_MSS_CM3\Mario_Libero_MSS_CM3_hw_platform\Debug\libMario_Libero_MSS_CM3_hw_platform.a(mss_gpio.o)
 .text          0x00000000        0x0 P:\Libero\Mario-CM_Flex-EMG_newarch\Mario-CM_Flex-EMG_noam\SoftConsole\Mario_Libero_MSS_CM3\Mario_Libero_MSS_CM3_hw_platform\Debug\libMario_Libero_MSS_CM3_hw_platform.a(core_gpio.o)
 .data          0x00000000        0x0 P:\Libero\Mario-CM_Flex-EMG_newarch\Mario-CM_Flex-EMG_noam\SoftConsole\Mario_Libero_MSS_CM3\Mario_Libero_MSS_CM3_hw_platform\Debug\libMario_Libero_MSS_CM3_hw_platform.a(core_gpio.o)
 .bss           0x00000000        0x0 P:\Libero\Mario-CM_Flex-EMG_newarch\Mario-CM_Flex-EMG_noam\SoftConsole\Mario_Libero_MSS_CM3\Mario_Libero_MSS_CM3_hw_platform\Debug\libMario_Libero_MSS_CM3_hw_platform.a(core_gpio.o)
 .text.GPIO_set_outputs
                0x00000000       0xd4 P:\Libero\Mario-CM_Flex-EMG_newarch\Mario-CM_Flex-EMG_noam\SoftConsole\Mario_Libero_MSS_CM3\Mario_Libero_MSS_CM3_hw_platform\Debug\libMario_Libero_MSS_CM3_hw_platform.a(core_gpio.o)
 .text.GPIO_get_inputs
                0x00000000       0xe8 P:\Libero\Mario-CM_Flex-EMG_newarch\Mario-CM_Flex-EMG_noam\SoftConsole\Mario_Libero_MSS_CM3\Mario_Libero_MSS_CM3_hw_platform\Debug\libMario_Libero_MSS_CM3_hw_platform.a(core_gpio.o)
 .text.GPIO_get_outputs
                0x00000000       0xe8 P:\Libero\Mario-CM_Flex-EMG_newarch\Mario-CM_Flex-EMG_noam\SoftConsole\Mario_Libero_MSS_CM3\Mario_Libero_MSS_CM3_hw_platform\Debug\libMario_Libero_MSS_CM3_hw_platform.a(core_gpio.o)
 .text.GPIO_set_output
                0x00000000      0x1b0 P:\Libero\Mario-CM_Flex-EMG_newarch\Mario-CM_Flex-EMG_noam\SoftConsole\Mario_Libero_MSS_CM3\Mario_Libero_MSS_CM3_hw_platform\Debug\libMario_Libero_MSS_CM3_hw_platform.a(core_gpio.o)
 .text.GPIO_drive_inout
                0x00000000       0xd4 P:\Libero\Mario-CM_Flex-EMG_newarch\Mario-CM_Flex-EMG_noam\SoftConsole\Mario_Libero_MSS_CM3\Mario_Libero_MSS_CM3_hw_platform\Debug\libMario_Libero_MSS_CM3_hw_platform.a(core_gpio.o)
 .text.GPIO_disable_irq
                0x00000000       0x50 P:\Libero\Mario-CM_Flex-EMG_newarch\Mario-CM_Flex-EMG_noam\SoftConsole\Mario_Libero_MSS_CM3\Mario_Libero_MSS_CM3_hw_platform\Debug\libMario_Libero_MSS_CM3_hw_platform.a(core_gpio.o)
 .text          0x00000000        0x0 P:\Libero\Mario-CM_Flex-EMG_newarch\Mario-CM_Flex-EMG_noam\SoftConsole\Mario_Libero_MSS_CM3\Mario_Libero_MSS_CM3_hw_platform\Debug\libMario_Libero_MSS_CM3_hw_platform.a(system_m2sxxx.o)
 .data          0x00000000        0x0 P:\Libero\Mario-CM_Flex-EMG_newarch\Mario-CM_Flex-EMG_noam\SoftConsole\Mario_Libero_MSS_CM3\Mario_Libero_MSS_CM3_hw_platform\Debug\libMario_Libero_MSS_CM3_hw_platform.a(system_m2sxxx.o)
 .bss           0x00000000        0x0 P:\Libero\Mario-CM_Flex-EMG_newarch\Mario-CM_Flex-EMG_noam\SoftConsole\Mario_Libero_MSS_CM3\Mario_Libero_MSS_CM3_hw_platform\Debug\libMario_Libero_MSS_CM3_hw_platform.a(system_m2sxxx.o)
 .data.SystemCoreClock
                0x00000000        0x4 P:\Libero\Mario-CM_Flex-EMG_newarch\Mario-CM_Flex-EMG_noam\SoftConsole\Mario_Libero_MSS_CM3\Mario_Libero_MSS_CM3_hw_platform\Debug\libMario_Libero_MSS_CM3_hw_platform.a(system_m2sxxx.o)
 .data.g_FrequencyPCLK0
                0x00000000        0x4 P:\Libero\Mario-CM_Flex-EMG_newarch\Mario-CM_Flex-EMG_noam\SoftConsole\Mario_Libero_MSS_CM3\Mario_Libero_MSS_CM3_hw_platform\Debug\libMario_Libero_MSS_CM3_hw_platform.a(system_m2sxxx.o)
 .data.g_FrequencyPCLK1
                0x00000000        0x4 P:\Libero\Mario-CM_Flex-EMG_newarch\Mario-CM_Flex-EMG_noam\SoftConsole\Mario_Libero_MSS_CM3\Mario_Libero_MSS_CM3_hw_platform\Debug\libMario_Libero_MSS_CM3_hw_platform.a(system_m2sxxx.o)
 .data.g_FrequencyPCLK2
                0x00000000        0x4 P:\Libero\Mario-CM_Flex-EMG_newarch\Mario-CM_Flex-EMG_noam\SoftConsole\Mario_Libero_MSS_CM3\Mario_Libero_MSS_CM3_hw_platform\Debug\libMario_Libero_MSS_CM3_hw_platform.a(system_m2sxxx.o)
 .data.g_FrequencyFIC0
                0x00000000        0x4 P:\Libero\Mario-CM_Flex-EMG_newarch\Mario-CM_Flex-EMG_noam\SoftConsole\Mario_Libero_MSS_CM3\Mario_Libero_MSS_CM3_hw_platform\Debug\libMario_Libero_MSS_CM3_hw_platform.a(system_m2sxxx.o)
 .data.g_FrequencyFIC1
                0x00000000        0x4 P:\Libero\Mario-CM_Flex-EMG_newarch\Mario-CM_Flex-EMG_noam\SoftConsole\Mario_Libero_MSS_CM3\Mario_Libero_MSS_CM3_hw_platform\Debug\libMario_Libero_MSS_CM3_hw_platform.a(system_m2sxxx.o)
 .data.g_FrequencyFIC64
                0x00000000        0x4 P:\Libero\Mario-CM_Flex-EMG_newarch\Mario-CM_Flex-EMG_noam\SoftConsole\Mario_Libero_MSS_CM3\Mario_Libero_MSS_CM3_hw_platform\Debug\libMario_Libero_MSS_CM3_hw_platform.a(system_m2sxxx.o)
 .text.SystemCoreClockUpdate
                0x00000000      0x14c P:\Libero\Mario-CM_Flex-EMG_newarch\Mario-CM_Flex-EMG_noam\SoftConsole\Mario_Libero_MSS_CM3\Mario_Libero_MSS_CM3_hw_platform\Debug\libMario_Libero_MSS_CM3_hw_platform.a(system_m2sxxx.o)
 .text.get_rcosc_25_50mhz_frequency
                0x00000000       0x44 P:\Libero\Mario-CM_Flex-EMG_newarch\Mario-CM_Flex-EMG_noam\SoftConsole\Mario_Libero_MSS_CM3\Mario_Libero_MSS_CM3_hw_platform\Debug\libMario_Libero_MSS_CM3_hw_platform.a(system_m2sxxx.o)
 .text.set_clock_frequency_globals
                0x00000000       0x6c P:\Libero\Mario-CM_Flex-EMG_newarch\Mario-CM_Flex-EMG_noam\SoftConsole\Mario_Libero_MSS_CM3\Mario_Libero_MSS_CM3_hw_platform\Debug\libMario_Libero_MSS_CM3_hw_platform.a(system_m2sxxx.o)
 .rodata.C.18.3527
                0x00000000        0x8 P:\Libero\Mario-CM_Flex-EMG_newarch\Mario-CM_Flex-EMG_noam\SoftConsole\Mario_Libero_MSS_CM3\Mario_Libero_MSS_CM3_hw_platform\Debug\libMario_Libero_MSS_CM3_hw_platform.a(system_m2sxxx.o)
 .data          0x00000000        0x0 P:\Libero\Mario-CM_Flex-EMG_newarch\Mario-CM_Flex-EMG_noam\SoftConsole\Mario_Libero_MSS_CM3\Mario_Libero_MSS_CM3_hw_platform\Debug\libMario_Libero_MSS_CM3_hw_platform.a(hw_reg_access.o)
 .bss           0x00000000        0x0 P:\Libero\Mario-CM_Flex-EMG_newarch\Mario-CM_Flex-EMG_noam\SoftConsole\Mario_Libero_MSS_CM3\Mario_Libero_MSS_CM3_hw_platform\Debug\libMario_Libero_MSS_CM3_hw_platform.a(hw_reg_access.o)
 .text          0x00000000        0xc c:/program files (x86)/microsemi/softconsole v3.4/sourcery-g++/bin/../lib/gcc/arm-none-eabi/4.4.1/../../../../arm-none-eabi/lib/thumb2\libc.a(lib_a-errno.o)
 .data          0x00000000        0x0 c:/program files (x86)/microsemi/softconsole v3.4/sourcery-g++/bin/../lib/gcc/arm-none-eabi/4.4.1/../../../../arm-none-eabi/lib/thumb2\libc.a(lib_a-errno.o)
 .bss           0x00000000        0x0 c:/program files (x86)/microsemi/softconsole v3.4/sourcery-g++/bin/../lib/gcc/arm-none-eabi/4.4.1/../../../../arm-none-eabi/lib/thumb2\libc.a(lib_a-errno.o)
 .text          0x00000000        0x0 c:/program files (x86)/microsemi/softconsole v3.4/sourcery-g++/bin/../lib/gcc/arm-none-eabi/4.4.1/../../../../arm-none-eabi/lib/thumb2\libc.a(lib_a-impure.o)
 .data          0x00000000       0xf4 c:/program files (x86)/microsemi/softconsole v3.4/sourcery-g++/bin/../lib/gcc/arm-none-eabi/4.4.1/../../../../arm-none-eabi/lib/thumb2\libc.a(lib_a-impure.o)
 .bss           0x00000000        0x0 c:/program files (x86)/microsemi/softconsole v3.4/sourcery-g++/bin/../lib/gcc/arm-none-eabi/4.4.1/../../../../arm-none-eabi/lib/thumb2\libc.a(lib_a-impure.o)
 .rodata        0x00000000        0x4 c:/program files (x86)/microsemi/softconsole v3.4/sourcery-g++/bin/../lib/gcc/arm-none-eabi/4.4.1/../../../../arm-none-eabi/lib/thumb2\libc.a(lib_a-impure.o)
 .rodata.str1.4
                0x00000000        0x4 c:/program files (x86)/microsemi/softconsole v3.4/sourcery-g++/bin/../lib/gcc/arm-none-eabi/4.4.1/../../../../arm-none-eabi/lib/thumb2\libc.a(lib_a-impure.o)
 .data          0x00000000        0x0 c:/program files (x86)/microsemi/softconsole v3.4/sourcery-g++/bin/../lib/gcc/arm-none-eabi/4.4.1/../../../../arm-none-eabi/lib/thumb2\libc.a(lib_a-init.o)
 .bss           0x00000000        0x0 c:/program files (x86)/microsemi/softconsole v3.4/sourcery-g++/bin/../lib/gcc/arm-none-eabi/4.4.1/../../../../arm-none-eabi/lib/thumb2\libc.a(lib_a-init.o)
 .data          0x00000000        0x0 c:/program files (x86)/microsemi/softconsole v3.4/sourcery-g++/bin/../lib/gcc/arm-none-eabi/4.4.1/../../../../arm-none-eabi/lib/thumb2\libc.a(lib_a-memcpy.o)
 .bss           0x00000000        0x0 c:/program files (x86)/microsemi/softconsole v3.4/sourcery-g++/bin/../lib/gcc/arm-none-eabi/4.4.1/../../../../arm-none-eabi/lib/thumb2\libc.a(lib_a-memcpy.o)
 .data          0x00000000        0x0 c:/program files (x86)/microsemi/softconsole v3.4/sourcery-g++/bin/../lib/gcc/arm-none-eabi/4.4.1/../../../../arm-none-eabi/lib/thumb2\libc.a(lib_a-memset.o)
 .bss           0x00000000        0x0 c:/program files (x86)/microsemi/softconsole v3.4/sourcery-g++/bin/../lib/gcc/arm-none-eabi/4.4.1/../../../../arm-none-eabi/lib/thumb2\libc.a(lib_a-memset.o)
 .text          0x00000000        0x0 c:/program files (x86)/microsemi/softconsole v3.4/sourcery-g++/bin/../lib/gcc/arm-none-eabi/4.4.1/thumb2/crtend.o
 .data          0x00000000        0x0 c:/program files (x86)/microsemi/softconsole v3.4/sourcery-g++/bin/../lib/gcc/arm-none-eabi/4.4.1/thumb2/crtend.o
 .bss           0x00000000        0x0 c:/program files (x86)/microsemi/softconsole v3.4/sourcery-g++/bin/../lib/gcc/arm-none-eabi/4.4.1/thumb2/crtend.o
 .text          0x00000000        0x0 c:/program files (x86)/microsemi/softconsole v3.4/sourcery-g++/bin/../lib/gcc/arm-none-eabi/4.4.1/thumb2/crtn.o
 .data          0x00000000        0x0 c:/program files (x86)/microsemi/softconsole v3.4/sourcery-g++/bin/../lib/gcc/arm-none-eabi/4.4.1/thumb2/crtn.o
 .bss           0x00000000        0x0 c:/program files (x86)/microsemi/softconsole v3.4/sourcery-g++/bin/../lib/gcc/arm-none-eabi/4.4.1/thumb2/crtn.o

Memory Configuration

Name             Origin             Length             Attributes
ram              0x20000000         0x00010000         xrw
*default*        0x00000000         0xffffffff

Linker script and memory map

LOAD c:/program files (x86)/microsemi/softconsole v3.4/sourcery-g++/bin/../lib/gcc/arm-none-eabi/4.4.1/thumb2/crti.o
LOAD c:/program files (x86)/microsemi/softconsole v3.4/sourcery-g++/bin/../lib/gcc/arm-none-eabi/4.4.1/thumb2/crtbegin.o
LOAD ./dbg.o
LOAD ./isr.o
LOAD ./main_SPI.o
LOAD ./mpu6050.o
LOAD ./utils.o
LOAD P:/Libero/Mario-CM_Flex-EMG_newarch/Mario-CM_Flex-EMG_noam/SoftConsole/Mario_Libero_MSS_CM3/Mario_Libero_MSS_CM3_hw_platform/Debug/CMSIS/startup_gcc/startup_m2sxxx.o
LOAD P:/Libero/Mario-CM_Flex-EMG_newarch/Mario-CM_Flex-EMG_noam/SoftConsole/Mario_Libero_MSS_CM3/Mario_Libero_MSS_CM3_hw_platform/Debug/CMSIS/startup_gcc/newlib_stubs.o
LOAD P:\Libero\Mario-CM_Flex-EMG_newarch\Mario-CM_Flex-EMG_noam\SoftConsole\Mario_Libero_MSS_CM3\Mario_Libero_MSS_CM3_hw_platform\Debug\libMario_Libero_MSS_CM3_hw_platform.a
START GROUP
LOAD c:/program files (x86)/microsemi/softconsole v3.4/sourcery-g++/bin/../lib/gcc/arm-none-eabi/4.4.1/thumb2\libgcc.a
LOAD c:/program files (x86)/microsemi/softconsole v3.4/sourcery-g++/bin/../lib/gcc/arm-none-eabi/4.4.1/../../../../arm-none-eabi/lib/thumb2\libc.a
END GROUP
LOAD c:/program files (x86)/microsemi/softconsole v3.4/sourcery-g++/bin/../lib/gcc/arm-none-eabi/4.4.1/thumb2/crtend.o
LOAD c:/program files (x86)/microsemi/softconsole v3.4/sourcery-g++/bin/../lib/gcc/arm-none-eabi/4.4.1/thumb2/crtn.o
START GROUP
LOAD c:/program files (x86)/microsemi/softconsole v3.4/sourcery-g++/bin/../lib/gcc/arm-none-eabi/4.4.1/../../../../arm-none-eabi/lib/thumb2\libc.a
LOAD c:/program files (x86)/microsemi/softconsole v3.4/sourcery-g++/bin/../lib/gcc/arm-none-eabi/4.4.1/thumb2\libgcc.a
LOAD c:/program files (x86)/microsemi/softconsole v3.4/sourcery-g++/bin/../lib/gcc/arm-none-eabi/4.4.1/../../../../arm-none-eabi/lib/thumb2\libm.a
END GROUP
                0x00000000                __DYNAMIC = 0x0
                0x20000000                RAM_START_ADDRESS = 0x20000000
                0x00010000                RAM_SIZE = 0x10000
                0x00002000                MAIN_STACK_SIZE = 0x2000
                0x00001000                PROCESS_STACK_SIZE = 0x1000
                0x20010000                PROVIDE (__main_stack_start, (RAM_START_ADDRESS + RAM_SIZE))
                0x2000e000                PROVIDE (__process_stack_start, (__main_stack_start - MAIN_STACK_SIZE))
                0x20010000                PROVIDE (_estack, __main_stack_start)
                0x00000000                PROVIDE (__mirrored_nvm, 0x0)
                0x00000001                PROVIDE (__smartfusion2_memory_remap, 0x1)

.vector_table   0x20000000      0x190
                0x20000000                __vector_table_load = LOADADDR (.vector_table)
                0x20000000                __vector_table_start = .
                0x20000000                __vector_table_vma_base_address = .
 *(.isr_vector)
 .isr_vector    0x20000000      0x190 P:/Libero/Mario-CM_Flex-EMG_newarch/Mario-CM_Flex-EMG_noam/SoftConsole/Mario_Libero_MSS_CM3/Mario_Libero_MSS_CM3_hw_platform/Debug/CMSIS/startup_gcc/startup_m2sxxx.o
                0x20000000                g_pfnVectors
                0x20000190                . = ALIGN (0x10)
                0x20000190                _evector_table = .

.init           0x20000190      0x360
 *(.boot_code)
 .boot_code     0x20000190      0x280 P:/Libero/Mario-CM_Flex-EMG_newarch/Mario-CM_Flex-EMG_noam/SoftConsole/Mario_Libero_MSS_CM3/Mario_Libero_MSS_CM3_hw_platform/Debug/CMSIS/startup_gcc/startup_m2sxxx.o
                0x20000190                Reset_Handler
                0x200002da                NMI_Handler
                0x200002dc                HardFault_Handler
                0x200002de                MemManage_Handler
                0x200002e0                BusFault_Handler
                0x200002e2                UsageFault_Handler
                0x200002e4                SVC_Handler
                0x200002e6                DebugMon_Handler
                0x200002e8                PendSV_Handler
                0x200002ea                SysTick_Handler
                0x200002ec                WdogWakeup_IRQHandler
                0x200002ee                RTC_Wakeup_IRQHandler
                0x200002f4                I2C0_IRQHandler
                0x200002f6                I2C0_SMBAlert_IRQHandler
                0x200002f8                I2C0_SMBus_IRQHandler
                0x200002fa                I2C1_IRQHandler
                0x200002fc                I2C1_SMBAlert_IRQHandler
                0x200002fe                I2C1_SMBus_IRQHandler
                0x20000300                UART0_IRQHandler
                0x20000302                UART1_IRQHandler
                0x20000304                EthernetMAC_IRQHandler
                0x2000030a                Timer2_IRQHandler
                0x2000030c                CAN_IRQHandler
                0x2000030e                ENVM0_IRQHandler
                0x20000310                ENVM1_IRQHandler
                0x20000312                ComBlk_IRQHandler
                0x20000314                USB_IRQHandler
                0x20000316                USB_DMA_IRQHandler
                0x20000318                PLL_Lock_IRQHandler
                0x2000031a                PLL_LockLost_IRQHandler
                0x2000031c                CommSwitchError_IRQHandler
                0x2000031e                CacheError_IRQHandler
                0x20000320                DDR_IRQHandler
                0x20000322                HPDMA_Complete_IRQHandler
                0x20000324                HPDMA_Error_IRQHandler
                0x20000326                ECC_Error_IRQHandler
                0x20000328                MDDR_IOCalib_IRQHandler
                0x2000032a                FAB_PLL_Lock_IRQHandler
                0x2000032c                FAB_PLL_LockLost_IRQHandler
                0x2000032e                FIC64_IRQHandler
                0x20000330                FabricIrq0_IRQHandler
                0x20000332                FabricIrq1_IRQHandler
                0x20000334                FabricIrq2_IRQHandler
                0x20000336                FabricIrq3_IRQHandler
                0x20000338                FabricIrq4_IRQHandler
                0x2000033a                FabricIrq5_IRQHandler
                0x2000033c                FabricIrq6_IRQHandler
                0x2000033e                FabricIrq7_IRQHandler
                0x20000340                FabricIrq8_IRQHandler
                0x20000342                FabricIrq9_IRQHandler
                0x20000344                FabricIrq10_IRQHandler
                0x20000346                FabricIrq11_IRQHandler
                0x20000348                FabricIrq12_IRQHandler
                0x2000034a                FabricIrq13_IRQHandler
                0x2000034c                FabricIrq14_IRQHandler
                0x2000034e                FabricIrq15_IRQHandler
                0x20000350                GPIO0_IRQHandler
                0x20000352                GPIO1_IRQHandler
                0x20000354                GPIO2_IRQHandler
                0x20000356                GPIO3_IRQHandler
                0x20000358                GPIO4_IRQHandler
                0x20000362                GPIO9_IRQHandler
                0x20000364                GPIO10_IRQHandler
                0x20000366                GPIO11_IRQHandler
                0x20000368                GPIO12_IRQHandler
                0x2000036a                GPIO13_IRQHandler
                0x2000036c                GPIO14_IRQHandler
                0x2000036e                GPIO15_IRQHandler
                0x20000370                GPIO16_IRQHandler
                0x20000372                GPIO17_IRQHandler
                0x20000374                GPIO18_IRQHandler
                0x20000376                GPIO19_IRQHandler
                0x20000378                GPIO20_IRQHandler
                0x2000037a                GPIO21_IRQHandler
                0x2000037c                GPIO22_IRQHandler
                0x2000037e                GPIO23_IRQHandler
                0x20000380                GPIO24_IRQHandler
                0x20000382                GPIO25_IRQHandler
                0x20000384                GPIO26_IRQHandler
                0x20000386                GPIO27_IRQHandler
                0x20000388                GPIO28_IRQHandler
                0x2000038a                GPIO29_IRQHandler
                0x2000038c                GPIO30_IRQHandler
                0x2000038e                GPIO31_IRQHandler
                0x20000390                mscc_post_hw_cfg_init
 *system_m2sxxx.o(.text*)
 .text.SystemInit
                0x20000410       0x28 P:\Libero\Mario-CM_Flex-EMG_newarch\Mario-CM_Flex-EMG_noam\SoftConsole\Mario_Libero_MSS_CM3\Mario_Libero_MSS_CM3_hw_platform\Debug\libMario_Libero_MSS_CM3_hw_platform.a(system_m2sxxx.o)
                0x20000410                SystemInit
 .text.get_silicon_revision
                0x20000438       0x50 P:\Libero\Mario-CM_Flex-EMG_newarch\Mario-CM_Flex-EMG_noam\SoftConsole\Mario_Libero_MSS_CM3\Mario_Libero_MSS_CM3_hw_platform\Debug\libMario_Libero_MSS_CM3_hw_platform.a(system_m2sxxx.o)
 .text.silicon_workarounds
                0x20000488       0x20 P:\Libero\Mario-CM_Flex-EMG_newarch\Mario-CM_Flex-EMG_noam\SoftConsole\Mario_Libero_MSS_CM3\Mario_Libero_MSS_CM3_hw_platform\Debug\libMario_Libero_MSS_CM3_hw_platform.a(system_m2sxxx.o)
 .text.m2s050_rev_a_workarounds
                0x200004a8       0x44 P:\Libero\Mario-CM_Flex-EMG_newarch\Mario-CM_Flex-EMG_noam\SoftConsole\Mario_Libero_MSS_CM3\Mario_Libero_MSS_CM3_hw_platform\Debug\libMario_Libero_MSS_CM3_hw_platform.a(system_m2sxxx.o)
 *sys_config.o(.rodata*)
                0x200004f0                . = ALIGN (0x10)
 *fill*         0x200004ec        0x4 00

.text           0x200004f0     0x37a0
 CREATE_OBJECT_SYMBOLS
                0x200004f0                __text_load = LOADADDR (.text)
                0x200004f0                __text_start = .
 *(.text .text.* .gnu.linkonce.t.*)
 .text          0x200004f0       0x30 c:/program files (x86)/microsemi/softconsole v3.4/sourcery-g++/bin/../lib/gcc/arm-none-eabi/4.4.1/thumb2/crtbegin.o
 .text.dbg_set_channel
                0x20000520       0x1c ./dbg.o
                0x20000520                dbg_set_channel
 .text.MSS_TIM1_clear_irq
                0x2000053c       0x1c ./isr.o
 .text.GPIO5_IRQHandler
                0x20000558       0x2c ./isr.o
                0x20000558                GPIO5_IRQHandler
 .text.GPIO6_IRQHandler
                0x20000584       0x2c ./isr.o
                0x20000584                GPIO6_IRQHandler
 .text.GPIO7_IRQHandler
                0x200005b0       0x2c ./isr.o
                0x200005b0                GPIO7_IRQHandler
 .text.GPIO8_IRQHandler
                0x200005dc       0x24 ./isr.o
                0x200005dc                GPIO8_IRQHandler
 .text.PDMA_0_isr
                0x20000600       0x10 ./isr.o
                0x20000600                PDMA_0_isr
 .text.PDMA_1_isr
                0x20000610       0x1c ./isr.o
                0x20000610                PDMA_1_isr
 .text.Timer1_IRQHandler
                0x2000062c       0x18 ./isr.o
                0x2000062c                Timer1_IRQHandler
 .text.NVIC_EnableIRQ
                0x20000644       0x38 ./main_SPI.o
 .text.NVIC_DisableIRQ
                0x2000067c       0x3c ./main_SPI.o
 .text.NVIC_ClearPendingIRQ
                0x200006b8       0x3c ./main_SPI.o
 .text.MSS_TIM1_init
                0x200006f4       0x84 ./main_SPI.o
 .text.MSS_TIM1_start
                0x20000778       0x1c ./main_SPI.o
 .text.MSS_TIM1_load_background
                0x20000794       0x20 ./main_SPI.o
 .text.MSS_TIM1_enable_irq
                0x200007b4       0x20 ./main_SPI.o
 .text.main     0x200007d4      0x4b0 ./main_SPI.o
                0x200007d4                main
 .text.SPI_poll_write_read
                0x20000c84       0x94 ./main_SPI.o
                0x20000c84                SPI_poll_write_read
 .text.SPI_PDMA_write_read
                0x20000d18       0xa4 ./main_SPI.o
                0x20000d18                SPI_PDMA_write_read
 .text.PDMA_find_command
                0x20000dbc       0xe4 ./main_SPI.o
                0x20000dbc                PDMA_find_command
 .text.SPI_read_check
                0x20000ea0      0x3cc ./main_SPI.o
                0x20000ea0                SPI_read_check
 .text.sys_init
                0x2000126c      0x178 ./main_SPI.o
                0x2000126c                sys_init
 .text.mpu_delay
                0x200013e4       0x30 ./mpu6050.o
                0x200013e4                mpu_delay
 .text.MPU6050_init
                0x20001414      0x164 ./mpu6050.o
                0x20001414                MPU6050_init
 .text.MPU6050_write_reg
                0x20001578       0x44 ./mpu6050.o
                0x20001578                MPU6050_write_reg
 .text.MPU6050_read_reg
                0x200015bc       0x58 ./mpu6050.o
                0x200015bc                MPU6050_read_reg
 .text.MPU6050_write_reg_readback
                0x20001614       0x60 ./mpu6050.o
                0x20001614                MPU6050_write_reg_readback
 .text.MPU6050_clear_FIFO
                0x20001674      0x104 ./mpu6050.o
                0x20001674                MPU6050_clear_FIFO
 .text.MPU6050_get_FIFO_byte_count
                0x20001778       0x90 ./mpu6050.o
                0x20001778                MPU6050_get_FIFO_byte_count
 .text.gpio_init
                0x20001808      0x11c ./utils.o
                0x20001808                gpio_init
 .text.init_ADC_vectors
                0x20001924       0xc8 ./utils.o
                0x20001924                init_ADC_vectors
 .text.update_ADC_vectors
                0x200019ec      0x218 ./utils.o
                0x200019ec                update_ADC_vectors
 .text.set_FFT_channel
                0x20001c04       0x1c ./utils.o
                0x20001c04                set_FFT_channel
 .text.postNMregRead
                0x20001c20       0x88 ./utils.o
                0x20001c20                postNMregRead
 .text.writeNMreg
                0x20001ca8       0xf0 ./utils.o
                0x20001ca8                writeNMreg
 .text.sendNMcmd
                0x20001d98       0xb4 ./utils.o
                0x20001d98                sendNMcmd
 .text.delay_us
                0x20001e4c       0x34 ./utils.o
                0x20001e4c                delay_us
 .text.NVIC_EnableIRQ
                0x20001e80       0x38 P:\Libero\Mario-CM_Flex-EMG_newarch\Mario-CM_Flex-EMG_noam\SoftConsole\Mario_Libero_MSS_CM3\Mario_Libero_MSS_CM3_hw_platform\Debug\libMario_Libero_MSS_CM3_hw_platform.a(mss_spi.o)
 .text.NVIC_DisableIRQ
                0x20001eb8       0x3c P:\Libero\Mario-CM_Flex-EMG_newarch\Mario-CM_Flex-EMG_noam\SoftConsole\Mario_Libero_MSS_CM3\Mario_Libero_MSS_CM3_hw_platform\Debug\libMario_Libero_MSS_CM3_hw_platform.a(mss_spi.o)
 .text.NVIC_ClearPendingIRQ
                0x20001ef4       0x3c P:\Libero\Mario-CM_Flex-EMG_newarch\Mario-CM_Flex-EMG_noam\SoftConsole\Mario_Libero_MSS_CM3\Mario_Libero_MSS_CM3_hw_platform\Debug\libMario_Libero_MSS_CM3_hw_platform.a(mss_spi.o)
 .text.MSS_SPI_init
                0x20001f30      0x134 P:\Libero\Mario-CM_Flex-EMG_newarch\Mario-CM_Flex-EMG_noam\SoftConsole\Mario_Libero_MSS_CM3\Mario_Libero_MSS_CM3_hw_platform\Debug\libMario_Libero_MSS_CM3_hw_platform.a(mss_spi.o)
                0x20001f30                MSS_SPI_init
 .text.recover_from_rx_overflow
                0x20002064      0x160 P:\Libero\Mario-CM_Flex-EMG_newarch\Mario-CM_Flex-EMG_noam\SoftConsole\Mario_Libero_MSS_CM3\Mario_Libero_MSS_CM3_hw_platform\Debug\libMario_Libero_MSS_CM3_hw_platform.a(mss_spi.o)
 .text.MSS_SPI_configure_master_mode
                0x200021c4      0x150 P:\Libero\Mario-CM_Flex-EMG_newarch\Mario-CM_Flex-EMG_noam\SoftConsole\Mario_Libero_MSS_CM3\Mario_Libero_MSS_CM3_hw_platform\Debug\libMario_Libero_MSS_CM3_hw_platform.a(mss_spi.o)
                0x200021c4                MSS_SPI_configure_master_mode
 .text.MSS_SPI_set_slave_select
                0x20002314      0x108 P:\Libero\Mario-CM_Flex-EMG_newarch\Mario-CM_Flex-EMG_noam\SoftConsole\Mario_Libero_MSS_CM3\Mario_Libero_MSS_CM3_hw_platform\Debug\libMario_Libero_MSS_CM3_hw_platform.a(mss_spi.o)
                0x20002314                MSS_SPI_set_slave_select
 .text.MSS_SPI_clear_slave_select
                0x2000241c       0x90 P:\Libero\Mario-CM_Flex-EMG_newarch\Mario-CM_Flex-EMG_noam\SoftConsole\Mario_Libero_MSS_CM3\Mario_Libero_MSS_CM3_hw_platform\Debug\libMario_Libero_MSS_CM3_hw_platform.a(mss_spi.o)
                0x2000241c                MSS_SPI_clear_slave_select
 .text.MSS_SPI_transfer_block
                0x200024ac      0x228 P:\Libero\Mario-CM_Flex-EMG_newarch\Mario-CM_Flex-EMG_noam\SoftConsole\Mario_Libero_MSS_CM3\Mario_Libero_MSS_CM3_hw_platform\Debug\libMario_Libero_MSS_CM3_hw_platform.a(mss_spi.o)
                0x200024ac                MSS_SPI_transfer_block
 .text.MSS_SPI_enable
                0x200026d4       0x38 P:\Libero\Mario-CM_Flex-EMG_newarch\Mario-CM_Flex-EMG_noam\SoftConsole\Mario_Libero_MSS_CM3\Mario_Libero_MSS_CM3_hw_platform\Debug\libMario_Libero_MSS_CM3_hw_platform.a(mss_spi.o)
                0x200026d4                MSS_SPI_enable
 .text.MSS_SPI_disable
                0x2000270c       0x38 P:\Libero\Mario-CM_Flex-EMG_newarch\Mario-CM_Flex-EMG_noam\SoftConsole\Mario_Libero_MSS_CM3\Mario_Libero_MSS_CM3_hw_platform\Debug\libMario_Libero_MSS_CM3_hw_platform.a(mss_spi.o)
                0x2000270c                MSS_SPI_disable
 .text.MSS_SPI_set_transfer_byte_count
                0x20002744       0x84 P:\Libero\Mario-CM_Flex-EMG_newarch\Mario-CM_Flex-EMG_noam\SoftConsole\Mario_Libero_MSS_CM3\Mario_Libero_MSS_CM3_hw_platform\Debug\libMario_Libero_MSS_CM3_hw_platform.a(mss_spi.o)
                0x20002744                MSS_SPI_set_transfer_byte_count
 .text.fill_slave_tx_fifo
                0x200027c8       0xe0 P:\Libero\Mario-CM_Flex-EMG_newarch\Mario-CM_Flex-EMG_noam\SoftConsole\Mario_Libero_MSS_CM3\Mario_Libero_MSS_CM3_hw_platform\Debug\libMario_Libero_MSS_CM3_hw_platform.a(mss_spi.o)
 .text.read_slave_rx_fifo
                0x200028a8       0xac P:\Libero\Mario-CM_Flex-EMG_newarch\Mario-CM_Flex-EMG_noam\SoftConsole\Mario_Libero_MSS_CM3\Mario_Libero_MSS_CM3_hw_platform\Debug\libMario_Libero_MSS_CM3_hw_platform.a(mss_spi.o)
 .text.mss_spi_isr
                0x20002954      0x2b0 P:\Libero\Mario-CM_Flex-EMG_newarch\Mario-CM_Flex-EMG_noam\SoftConsole\Mario_Libero_MSS_CM3\Mario_Libero_MSS_CM3_hw_platform\Debug\libMario_Libero_MSS_CM3_hw_platform.a(mss_spi.o)
 .text.SPI0_IRQHandler
                0x20002c04       0x24 P:\Libero\Mario-CM_Flex-EMG_newarch\Mario-CM_Flex-EMG_noam\SoftConsole\Mario_Libero_MSS_CM3\Mario_Libero_MSS_CM3_hw_platform\Debug\libMario_Libero_MSS_CM3_hw_platform.a(mss_spi.o)
                0x20002c04                SPI0_IRQHandler
 .text.SPI1_IRQHandler
                0x20002c28       0x24 P:\Libero\Mario-CM_Flex-EMG_newarch\Mario-CM_Flex-EMG_noam\SoftConsole\Mario_Libero_MSS_CM3\Mario_Libero_MSS_CM3_hw_platform\Debug\libMario_Libero_MSS_CM3_hw_platform.a(mss_spi.o)
                0x20002c28                SPI1_IRQHandler
 .text.NVIC_EnableIRQ
                0x20002c4c       0x38 P:\Libero\Mario-CM_Flex-EMG_newarch\Mario-CM_Flex-EMG_noam\SoftConsole\Mario_Libero_MSS_CM3\Mario_Libero_MSS_CM3_hw_platform\Debug\libMario_Libero_MSS_CM3_hw_platform.a(mss_pdma.o)
 .text.NVIC_ClearPendingIRQ
                0x20002c84       0x3c P:\Libero\Mario-CM_Flex-EMG_newarch\Mario-CM_Flex-EMG_noam\SoftConsole\Mario_Libero_MSS_CM3\Mario_Libero_MSS_CM3_hw_platform\Debug\libMario_Libero_MSS_CM3_hw_platform.a(mss_pdma.o)
 .text.PDMA_init
                0x20002cc0       0xa0 P:\Libero\Mario-CM_Flex-EMG_newarch\Mario-CM_Flex-EMG_noam\SoftConsole\Mario_Libero_MSS_CM3\Mario_Libero_MSS_CM3_hw_platform\Debug\libMario_Libero_MSS_CM3_hw_platform.a(mss_pdma.o)
                0x20002cc0                PDMA_init
 .text.PDMA_configure
                0x20002d60      0x144 P:\Libero\Mario-CM_Flex-EMG_newarch\Mario-CM_Flex-EMG_noam\SoftConsole\Mario_Libero_MSS_CM3\Mario_Libero_MSS_CM3_hw_platform\Debug\libMario_Libero_MSS_CM3_hw_platform.a(mss_pdma.o)
                0x20002d60                PDMA_configure
 .text.PDMA_start
                0x20002ea4      0x234 P:\Libero\Mario-CM_Flex-EMG_newarch\Mario-CM_Flex-EMG_noam\SoftConsole\Mario_Libero_MSS_CM3\Mario_Libero_MSS_CM3_hw_platform\Debug\libMario_Libero_MSS_CM3_hw_platform.a(mss_pdma.o)
                0x20002ea4                PDMA_start
 .text.get_channel_id_from_status
                0x200030d8       0xb0 P:\Libero\Mario-CM_Flex-EMG_newarch\Mario-CM_Flex-EMG_noam\SoftConsole\Mario_Libero_MSS_CM3\Mario_Libero_MSS_CM3_hw_platform\Debug\libMario_Libero_MSS_CM3_hw_platform.a(mss_pdma.o)
 .text.DMA_IRQHandler
                0x20003188       0x8c P:\Libero\Mario-CM_Flex-EMG_newarch\Mario-CM_Flex-EMG_noam\SoftConsole\Mario_Libero_MSS_CM3\Mario_Libero_MSS_CM3_hw_platform\Debug\libMario_Libero_MSS_CM3_hw_platform.a(mss_pdma.o)
                0x20003188                DMA_IRQHandler
 .text.PDMA_set_irq_handler
                0x20003214       0x5c P:\Libero\Mario-CM_Flex-EMG_newarch\Mario-CM_Flex-EMG_noam\SoftConsole\Mario_Libero_MSS_CM3\Mario_Libero_MSS_CM3_hw_platform\Debug\libMario_Libero_MSS_CM3_hw_platform.a(mss_pdma.o)
                0x20003214                PDMA_set_irq_handler
 .text.PDMA_enable_irq
                0x20003270       0x4c P:\Libero\Mario-CM_Flex-EMG_newarch\Mario-CM_Flex-EMG_noam\SoftConsole\Mario_Libero_MSS_CM3\Mario_Libero_MSS_CM3_hw_platform\Debug\libMario_Libero_MSS_CM3_hw_platform.a(mss_pdma.o)
                0x20003270                PDMA_enable_irq
 .text.PDMA_clear_irq
                0x200032bc       0x74 P:\Libero\Mario-CM_Flex-EMG_newarch\Mario-CM_Flex-EMG_noam\SoftConsole\Mario_Libero_MSS_CM3\Mario_Libero_MSS_CM3_hw_platform\Debug\libMario_Libero_MSS_CM3_hw_platform.a(mss_pdma.o)
                0x200032bc                PDMA_clear_irq
 .text.NVIC_EnableIRQ
                0x20003330       0x38 P:\Libero\Mario-CM_Flex-EMG_newarch\Mario-CM_Flex-EMG_noam\SoftConsole\Mario_Libero_MSS_CM3\Mario_Libero_MSS_CM3_hw_platform\Debug\libMario_Libero_MSS_CM3_hw_platform.a(mss_gpio.o)
 .text.NVIC_DisableIRQ
                0x20003368       0x3c P:\Libero\Mario-CM_Flex-EMG_newarch\Mario-CM_Flex-EMG_noam\SoftConsole\Mario_Libero_MSS_CM3\Mario_Libero_MSS_CM3_hw_platform\Debug\libMario_Libero_MSS_CM3_hw_platform.a(mss_gpio.o)
 .text.NVIC_ClearPendingIRQ
                0x200033a4       0x3c P:\Libero\Mario-CM_Flex-EMG_newarch\Mario-CM_Flex-EMG_noam\SoftConsole\Mario_Libero_MSS_CM3\Mario_Libero_MSS_CM3_hw_platform\Debug\libMario_Libero_MSS_CM3_hw_platform.a(mss_gpio.o)
 .text.MSS_GPIO_init
                0x200033e0       0xac P:\Libero\Mario-CM_Flex-EMG_newarch\Mario-CM_Flex-EMG_noam\SoftConsole\Mario_Libero_MSS_CM3\Mario_Libero_MSS_CM3_hw_platform\Debug\libMario_Libero_MSS_CM3_hw_platform.a(mss_gpio.o)
                0x200033e0                MSS_GPIO_init
 .text.MSS_GPIO_config
                0x2000348c       0x3c P:\Libero\Mario-CM_Flex-EMG_newarch\Mario-CM_Flex-EMG_noam\SoftConsole\Mario_Libero_MSS_CM3\Mario_Libero_MSS_CM3_hw_platform\Debug\libMario_Libero_MSS_CM3_hw_platform.a(mss_gpio.o)
                0x2000348c                MSS_GPIO_config
 .text.MSS_GPIO_set_output
                0x200034c8       0x70 P:\Libero\Mario-CM_Flex-EMG_newarch\Mario-CM_Flex-EMG_noam\SoftConsole\Mario_Libero_MSS_CM3\Mario_Libero_MSS_CM3_hw_platform\Debug\libMario_Libero_MSS_CM3_hw_platform.a(mss_gpio.o)
                0x200034c8                MSS_GPIO_set_output
 .text.MSS_GPIO_enable_irq
                0x20003538       0x60 P:\Libero\Mario-CM_Flex-EMG_newarch\Mario-CM_Flex-EMG_noam\SoftConsole\Mario_Libero_MSS_CM3\Mario_Libero_MSS_CM3_hw_platform\Debug\libMario_Libero_MSS_CM3_hw_platform.a(mss_gpio.o)
                0x20003538                MSS_GPIO_enable_irq
 .text.MSS_GPIO_clear_irq
                0x20003598       0x40 P:\Libero\Mario-CM_Flex-EMG_newarch\Mario-CM_Flex-EMG_noam\SoftConsole\Mario_Libero_MSS_CM3\Mario_Libero_MSS_CM3_hw_platform\Debug\libMario_Libero_MSS_CM3_hw_platform.a(mss_gpio.o)
                0x20003598                MSS_GPIO_clear_irq
 .text.GPIO_init
                0x200035d8       0xf0 P:\Libero\Mario-CM_Flex-EMG_newarch\Mario-CM_Flex-EMG_noam\SoftConsole\Mario_Libero_MSS_CM3\Mario_Libero_MSS_CM3_hw_platform\Debug\libMario_Libero_MSS_CM3_hw_platform.a(core_gpio.o)
                0x200035d8                GPIO_init
 .text.GPIO_config
                0x200036c8       0x50 P:\Libero\Mario-CM_Flex-EMG_newarch\Mario-CM_Flex-EMG_noam\SoftConsole\Mario_Libero_MSS_CM3\Mario_Libero_MSS_CM3_hw_platform\Debug\libMario_Libero_MSS_CM3_hw_platform.a(core_gpio.o)
                0x200036c8                GPIO_config
 .text.GPIO_enable_irq
                0x20003718       0x50 P:\Libero\Mario-CM_Flex-EMG_newarch\Mario-CM_Flex-EMG_noam\SoftConsole\Mario_Libero_MSS_CM3\Mario_Libero_MSS_CM3_hw_platform\Debug\libMario_Libero_MSS_CM3_hw_platform.a(core_gpio.o)
                0x20003718                GPIO_enable_irq
 .text.GPIO_clear_irq
                0x20003768       0xc4 P:\Libero\Mario-CM_Flex-EMG_newarch\Mario-CM_Flex-EMG_noam\SoftConsole\Mario_Libero_MSS_CM3\Mario_Libero_MSS_CM3_hw_platform\Debug\libMario_Libero_MSS_CM3_hw_platform.a(core_gpio.o)
                0x20003768                GPIO_clear_irq
 .text          0x2000382c       0x90 P:\Libero\Mario-CM_Flex-EMG_newarch\Mario-CM_Flex-EMG_noam\SoftConsole\Mario_Libero_MSS_CM3\Mario_Libero_MSS_CM3_hw_platform\Debug\libMario_Libero_MSS_CM3_hw_platform.a(hw_reg_access.o)
                0x2000382c                HW_set_32bit_reg
                0x20003830                HW_get_32bit_reg
                0x20003834                HW_set_32bit_reg_field
                0x20003850                HW_get_32bit_reg_field
                0x2000385c                HW_set_16bit_reg
                0x20003860                HW_get_16bit_reg
                0x20003864                HW_set_16bit_reg_field
                0x20003880                HW_get_16bit_reg_field
                0x2000388c                HW_set_8bit_reg
                0x20003890                HW_get_8bit_reg
                0x20003894                HW_set_8bit_reg_field
                0x200038b0                HW_get_8bit_reg_field
 .text          0x200038bc       0x50 c:/program files (x86)/microsemi/softconsole v3.4/sourcery-g++/bin/../lib/gcc/arm-none-eabi/4.4.1/../../../../arm-none-eabi/lib/thumb2\libc.a(lib_a-init.o)
                0x200038bc                __libc_init_array
 .text          0x2000390c      0x190 c:/program files (x86)/microsemi/softconsole v3.4/sourcery-g++/bin/../lib/gcc/arm-none-eabi/4.4.1/../../../../arm-none-eabi/lib/thumb2\libc.a(lib_a-memcpy.o)
                0x2000390c                memcpy
 .text          0x20003a9c       0xd4 c:/program files (x86)/microsemi/softconsole v3.4/sourcery-g++/bin/../lib/gcc/arm-none-eabi/4.4.1/../../../../arm-none-eabi/lib/thumb2\libc.a(lib_a-memset.o)
                0x20003a9c                memset
 *(.plt)
 *(.gnu.warning)
 *(.glue_7t)
 .glue_7t       0x00000000        0x0 linker stubs
 *(.glue_7)
 .glue_7        0x00000000        0x0 linker stubs
 *(.vfp11_veneer)
 .vfp11_veneer  0x00000000        0x0 linker stubs
                0x20003b70                . = ALIGN (0x4)
 *crtbegin.o(.ctors)
 *(EXCLUDE_FILE(*crtend.o) .ctors)
 *(SORT(.ctors.*))
 *crtend.o(.ctors)
 *crtbegin.o(.dtors)
 *(EXCLUDE_FILE(*crtend.o) .dtors)
 *(SORT(.dtors.*))
 *crtend.o(.dtors)
 *(.rodata .rodata.* .gnu.linkonce.r.*)
 .rodata.C.23.3704
                0x20003b70       0x10 P:\Libero\Mario-CM_Flex-EMG_newarch\Mario-CM_Flex-EMG_noam\SoftConsole\Mario_Libero_MSS_CM3\Mario_Libero_MSS_CM3_hw_platform\Debug\libMario_Libero_MSS_CM3_hw_platform.a(mss_pdma.o)
 .rodata.C.22.3465
                0x20003b80       0x50 P:\Libero\Mario-CM_Flex-EMG_newarch\Mario-CM_Flex-EMG_noam\SoftConsole\Mario_Libero_MSS_CM3\Mario_Libero_MSS_CM3_hw_platform\Debug\libMario_Libero_MSS_CM3_hw_platform.a(mss_pdma.o)
 .rodata.g_config_reg_lut
                0x20003bd0       0x80 P:\Libero\Mario-CM_Flex-EMG_newarch\Mario-CM_Flex-EMG_noam\SoftConsole\Mario_Libero_MSS_CM3\Mario_Libero_MSS_CM3_hw_platform\Debug\libMario_Libero_MSS_CM3_hw_platform.a(mss_gpio.o)
 .rodata.g_gpio_irqn_lut
                0x20003c50       0x20 P:\Libero\Mario-CM_Flex-EMG_newarch\Mario-CM_Flex-EMG_noam\SoftConsole\Mario_Libero_MSS_CM3\Mario_Libero_MSS_CM3_hw_platform\Debug\libMario_Libero_MSS_CM3_hw_platform.a(mss_gpio.o)
 *(.ARM.extab* .gnu.linkonce.armextab.*)
 *(.gcc_except_table)
 *(.eh_frame_hdr)
 *(.eh_frame)
 *(.vector_table)
 *(.init)
 .init          0x20003c70        0x4 c:/program files (x86)/microsemi/softconsole v3.4/sourcery-g++/bin/../lib/gcc/arm-none-eabi/4.4.1/thumb2/crti.o
                0x20003c70                _init
 .init          0x20003c74        0x8 c:/program files (x86)/microsemi/softconsole v3.4/sourcery-g++/bin/../lib/gcc/arm-none-eabi/4.4.1/thumb2/crtn.o
 *(.fini)
 .fini          0x20003c7c        0x4 c:/program files (x86)/microsemi/softconsole v3.4/sourcery-g++/bin/../lib/gcc/arm-none-eabi/4.4.1/thumb2/crti.o
                0x20003c7c                _fini
 .fini          0x20003c80        0x8 c:/program files (x86)/microsemi/softconsole v3.4/sourcery-g++/bin/../lib/gcc/arm-none-eabi/4.4.1/thumb2/crtn.o
                0x20003c88                PROVIDE (__preinit_array_start, .)
 *(.preinit_array)
                0x20003c88                PROVIDE (__preinit_array_end, .)
                0x20003c88                PROVIDE (__init_array_start, .)
 *(SORT(.init_array.*))
 *(.init_array)
 .init_array    0x20003c88        0x4 c:/program files (x86)/microsemi/softconsole v3.4/sourcery-g++/bin/../lib/gcc/arm-none-eabi/4.4.1/thumb2/crtbegin.o
                0x20003c8c                PROVIDE (__init_array_end, .)
                0x20003c8c                PROVIDE (__fini_array_start, .)
 *(.fini_array)
 .fini_array    0x20003c8c        0x4 c:/program files (x86)/microsemi/softconsole v3.4/sourcery-g++/bin/../lib/gcc/arm-none-eabi/4.4.1/thumb2/crtbegin.o
 *(SORT(.fini_array.*))
                0x20003c90                PROVIDE (__fini_array_end, .)
                0x20003c90                . = ALIGN (0x10)
                0x20003c90                __exidx_start = .

.v4_bx          0x20003c90        0x0
 .v4_bx         0x00000000        0x0 linker stubs

.ARM.exidx
 *(.ARM.exidx* .gnu.linkonce.armexidx.*)
                0x20003c90                __exidx_end = .
                0x20003c90                _etext = .
                0x20003c90                PROVIDE (__text_end, .)

.data           0x20003c90       0x90
                0x20003c90                __data_load = LOADADDR (.data)
                0x20003c90                _sidata = LOADADDR (.data)
                0x20003c90                __data_start = .
                0x20003c90                _sdata = .
 *(.jcr)
 .jcr           0x20003c90        0x0 c:/program files (x86)/microsemi/softconsole v3.4/sourcery-g++/bin/../lib/gcc/arm-none-eabi/4.4.1/thumb2/crtbegin.o
 .jcr           0x20003c90        0x4 c:/program files (x86)/microsemi/softconsole v3.4/sourcery-g++/bin/../lib/gcc/arm-none-eabi/4.4.1/thumb2/crtend.o
 *(.got.plt)
 *(.got)
 *(.shdata)
 *(.data .data.* .gnu.linkonce.d.*)
 .data.data_ack_req
                0x20003c94        0x4 ./main_SPI.o
 .data.reg_config
                0x20003c98        0x4 ./mpu6050.o
                0x20003c98                reg_config
 .data.reg_pwr_mgmt_1
                0x20003c9c        0x4 ./mpu6050.o
                0x20003c9c                reg_pwr_mgmt_1
 .data.reg_pwr_mgmt_2
                0x20003ca0        0x4 ./mpu6050.o
                0x20003ca0                reg_pwr_mgmt_2
 .data.reg_fifo_en
                0x20003ca4        0x4 ./mpu6050.o
                0x20003ca4                reg_fifo_en
 .data.reg_int_pin_cfg
                0x20003ca8        0x4 ./mpu6050.o
                0x20003ca8                reg_int_pin_cfg
 .data.reg_user_ctrl
                0x20003cac        0x4 ./mpu6050.o
                0x20003cac                reg_user_ctrl
 .data.reg_int_status
                0x20003cb0        0x4 ./mpu6050.o
                0x20003cb0                reg_int_status
 .data.reg_int_enable
                0x20003cb4        0x4 ./mpu6050.o
                0x20003cb4                reg_int_enable
 .data.reg_fifo_count_h
                0x20003cb8        0x4 ./mpu6050.o
                0x20003cb8                reg_fifo_count_h
 .data.reg_fifo_count_l
                0x20003cbc        0x4 ./mpu6050.o
                0x20003cbc                reg_fifo_count_l
 .data.reg_fifo_r_w
                0x20003cc0        0x4 ./mpu6050.o
                0x20003cc0                reg_fifo_r_w
 .data.mpu_status
                0x20003cc4        0x4 ./mpu6050.o
                0x20003cc4                mpu_status
 .data.read_result
                0x20003cc8        0x4 ./mpu6050.o
                0x20003cc8                read_result
 .data.mode     0x20003ccc        0x4 ./utils.o
                0x20003ccc                mode
 .data.n0d1     0x20003cd0        0x4 ./utils.o
                0x20003cd0                n0d1
 .data.n0d2     0x20003cd4        0x4 ./utils.o
                0x20003cd4                n0d2
 .data.n1d1     0x20003cd8        0x4 ./utils.o
                0x20003cd8                n1d1
 .data.n1d2     0x20003cdc        0x4 ./utils.o
                0x20003cdc                n1d2
 .data.command  0x20003ce0        0x4 ./utils.o
                0x20003ce0                command
 .data.dbgsel   0x20003ce4        0x4 ./utils.o
                0x20003ce4                dbgsel
 .data.n0vechi  0x20003ce8        0x4 ./utils.o
                0x20003ce8                n0vechi
 .data.n0veclo  0x20003cec        0x4 ./utils.o
                0x20003cec                n0veclo
 .data.n1vechi  0x20003cf0        0x4 ./utils.o
                0x20003cf0                n1vechi
 .data.n1veclo  0x20003cf4        0x4 ./utils.o
                0x20003cf4                n1veclo
 .data.status   0x20003cf8        0x4 ./utils.o
                0x20003cf8                status
 .data.n0ack    0x20003cfc        0x4 ./utils.o
                0x20003cfc                n0ack
 .data.n0fft    0x20003d00        0x4 ./utils.o
                0x20003d00                n0fft
 .data.n1ack    0x20003d04        0x4 ./utils.o
                0x20003d04                n1ack
 .data.n1fft    0x20003d08        0x4 ./utils.o
                0x20003d08                n1fft
 .data.nm0_rec_enable_vector
                0x20003d0c        0x8 ./utils.o
                0x20003d0c                nm0_rec_enable_vector
 .data.nm1_rec_enable_vector
                0x20003d14        0x8 ./utils.o
                0x20003d14                nm1_rec_enable_vector
                0x20003d20                . = ALIGN (0x10)
 *fill*         0x20003d1c        0x4 00
                0x20003d20                _edata = .

.bss            0x20003d20      0x3e0
                0x20003d20                __bss_start__ = .
                0x20003d20                _sbss = .
 *(.shbss)
 *(.bss .bss.* .gnu.linkonce.b.*)
 .bss           0x20003d20        0x1 c:/program files (x86)/microsemi/softconsole v3.4/sourcery-g++/bin/../lib/gcc/arm-none-eabi/4.4.1/thumb2/crtbegin.o
 .bss.poll_tx_start
                0x20003d21        0x1 ./main_SPI.o
                0x20003d21                poll_tx_start
 .bss.poll_rx_rdy
                0x20003d22        0x1 ./main_SPI.o
                0x20003d22                poll_rx_rdy
 .bss.pdma_tx_start
                0x20003d23        0x1 ./main_SPI.o
                0x20003d23                pdma_tx_start
 .bss.pdma_rx_done
                0x20003d24        0x1 ./main_SPI.o
                0x20003d24                pdma_rx_done
 .bss.ack_rdy   0x20003d25        0x1 ./main_SPI.o
                0x20003d25                ack_rdy
 .bss.fft_rdy   0x20003d26        0x1 ./main_SPI.o
                0x20003d26                fft_rdy
 *fill*         0x20003d27        0x1 00
 .bss.poll_tx_buf
                0x20003d28       0xc8 ./main_SPI.o
 .bss.poll_rx_buf
                0x20003df0        0x8 ./main_SPI.o
 .bss.pdma_rx_buf
                0x20003df8       0xd0 ./main_SPI.o
 .bss.stim_count
                0x20003ec8        0x4 ./main_SPI.o
 .bss.rec_enable_write
                0x20003ecc        0x1 ./main_SPI.o
 *fill*         0x20003ecd        0x3 00
 .bss.stim_rep  0x20003ed0        0x4 ./main_SPI.o
 .bss.stream_en
                0x20003ed4        0x1 ./main_SPI.o
 .bss.artifact_en
                0x20003ed5        0x1 ./main_SPI.o
 *fill*         0x20003ed6        0x2 00
 .bss.dbg_rx_pdma_indx
                0x20003ed8        0x4 ./main_SPI.o
 .bss.dbg_rx_pdma_array
                0x20003edc       0x8c ./main_SPI.o
 .bss.dbg_bad_cmd
                0x20003f68        0x4 ./main_SPI.o
 .bss.g_pdma_next_channel
                0x20003f6c        0x8 P:\Libero\Mario-CM_Flex-EMG_newarch\Mario-CM_Flex-EMG_noam\SoftConsole\Mario_Libero_MSS_CM3\Mario_Libero_MSS_CM3_hw_platform\Debug\libMario_Libero_MSS_CM3_hw_platform.a(mss_pdma.o)
 .bss.g_pdma_started_a
                0x20003f74        0x8 P:\Libero\Mario-CM_Flex-EMG_newarch\Mario-CM_Flex-EMG_noam\SoftConsole\Mario_Libero_MSS_CM3\Mario_Libero_MSS_CM3_hw_platform\Debug\libMario_Libero_MSS_CM3_hw_platform.a(mss_pdma.o)
 .bss.g_pdma_started_b
                0x20003f7c        0x8 P:\Libero\Mario-CM_Flex-EMG_newarch\Mario-CM_Flex-EMG_noam\SoftConsole\Mario_Libero_MSS_CM3\Mario_Libero_MSS_CM3_hw_platform\Debug\libMario_Libero_MSS_CM3_hw_platform.a(mss_pdma.o)
 .bss.g_pdma_isr_table
                0x20003f84       0x20 P:\Libero\Mario-CM_Flex-EMG_newarch\Mario-CM_Flex-EMG_noam\SoftConsole\Mario_Libero_MSS_CM3\Mario_Libero_MSS_CM3_hw_platform\Debug\libMario_Libero_MSS_CM3_hw_platform.a(mss_pdma.o)
 *(COMMON)
 COMMON         0x20003fa4       0x48 ./utils.o
                0x20003fa4                nm_regs
                0x20003fe4                gpio_core_handle
 COMMON         0x20003fec      0x108 P:\Libero\Mario-CM_Flex-EMG_newarch\Mario-CM_Flex-EMG_noam\SoftConsole\Mario_Libero_MSS_CM3\Mario_Libero_MSS_CM3_hw_platform\Debug\libMario_Libero_MSS_CM3_hw_platform.a(mss_spi.o)
                0x20003fec                g_mss_spi1
                0x20004070                g_mss_spi0
                0x20004100                . = ALIGN (0x10)
 *fill*         0x200040f4        0xc 00
                0x20004100                __bss_end__ = .
                0x20004100                _end = .
                0x20004100                __end = _end
                0x20004100                _ebss = .
                0x20004100                PROVIDE (end, .)

.heap           0x20004100     0x8f00
                0x20004100                __heap_start__ = .
                0x2000d000                . = (. + ((((RAM_START_ADDRESS + RAM_SIZE) - PROCESS_STACK_SIZE) - MAIN_STACK_SIZE) - _end))
 *fill*         0x20004100     0x8f00 00
                0x2000d000                . = ALIGN (0x10)
                0x2000d000                _eheap = .

.stack          0x2000d000     0x3000
                0x2000d000                __stack_start__ = .
                0x2000e000                . = (. + PROCESS_STACK_SIZE)
 *fill*         0x2000d000     0x1000 00
                0x2000e000                . = ALIGN (0x4)
                0x20010000                . = (. + MAIN_STACK_SIZE)
 *fill*         0x2000e000     0x2000 00
                0x20010000                . = ALIGN (0x10)
                0x20010000                _estack = .

.stab
 *(.stab)

.stabstr
 *(.stabstr)

.debug
 *(.debug)

.line
 *(.line)

.debug_srcinfo
 *(.debug_srcinfo)

.debug_sfnames
 *(.debug_sfnames)

.comment        0x00000000      0x1d9
 .comment       0x00000000       0x2b ./dbg.o
 .comment       0x0000002b       0x2b ./isr.o
 .comment       0x00000056       0x2b ./main_SPI.o
 .comment       0x00000081       0x2b ./mpu6050.o
 .comment       0x000000ac       0x2b ./utils.o
 .comment       0x000000d7       0x2b P:/Libero/Mario-CM_Flex-EMG_newarch/Mario-CM_Flex-EMG_noam/SoftConsole/Mario_Libero_MSS_CM3/Mario_Libero_MSS_CM3_hw_platform/Debug/CMSIS/startup_gcc/newlib_stubs.o
 .comment       0x00000102       0x2b P:\Libero\Mario-CM_Flex-EMG_newarch\Mario-CM_Flex-EMG_noam\SoftConsole\Mario_Libero_MSS_CM3\Mario_Libero_MSS_CM3_hw_platform\Debug\libMario_Libero_MSS_CM3_hw_platform.a(mss_spi.o)
 .comment       0x0000012d       0x2b P:\Libero\Mario-CM_Flex-EMG_newarch\Mario-CM_Flex-EMG_noam\SoftConsole\Mario_Libero_MSS_CM3\Mario_Libero_MSS_CM3_hw_platform\Debug\libMario_Libero_MSS_CM3_hw_platform.a(mss_pdma.o)
 .comment       0x00000158       0x2b P:\Libero\Mario-CM_Flex-EMG_newarch\Mario-CM_Flex-EMG_noam\SoftConsole\Mario_Libero_MSS_CM3\Mario_Libero_MSS_CM3_hw_platform\Debug\libMario_Libero_MSS_CM3_hw_platform.a(mss_gpio.o)
 .comment       0x00000183       0x2b P:\Libero\Mario-CM_Flex-EMG_newarch\Mario-CM_Flex-EMG_noam\SoftConsole\Mario_Libero_MSS_CM3\Mario_Libero_MSS_CM3_hw_platform\Debug\libMario_Libero_MSS_CM3_hw_platform.a(core_gpio.o)
 .comment       0x000001ae       0x2b P:\Libero\Mario-CM_Flex-EMG_newarch\Mario-CM_Flex-EMG_noam\SoftConsole\Mario_Libero_MSS_CM3\Mario_Libero_MSS_CM3_hw_platform\Debug\libMario_Libero_MSS_CM3_hw_platform.a(system_m2sxxx.o)

.debug_aranges  0x00000000      0x518
 *(.debug_aranges)
 .debug_aranges
                0x00000000       0x48 ./dbg.o
 .debug_aranges
                0x00000048       0x58 ./isr.o
 .debug_aranges
                0x000000a0       0x80 ./main_SPI.o
 .debug_aranges
                0x00000120       0x58 ./mpu6050.o
 .debug_aranges
                0x00000178       0x80 ./utils.o
 .debug_aranges
                0x000001f8       0xa8 P:/Libero/Mario-CM_Flex-EMG_newarch/Mario-CM_Flex-EMG_noam/SoftConsole/Mario_Libero_MSS_CM3/Mario_Libero_MSS_CM3_hw_platform/Debug/CMSIS/startup_gcc/newlib_stubs.o
 .debug_aranges
                0x000002a0       0xe0 P:\Libero\Mario-CM_Flex-EMG_newarch\Mario-CM_Flex-EMG_noam\SoftConsole\Mario_Libero_MSS_CM3\Mario_Libero_MSS_CM3_hw_platform\Debug\libMario_Libero_MSS_CM3_hw_platform.a(mss_spi.o)
 .debug_aranges
                0x00000380       0x78 P:\Libero\Mario-CM_Flex-EMG_newarch\Mario-CM_Flex-EMG_noam\SoftConsole\Mario_Libero_MSS_CM3\Mario_Libero_MSS_CM3_hw_platform\Debug\libMario_Libero_MSS_CM3_hw_platform.a(mss_pdma.o)
 .debug_aranges
                0x000003f8       0x68 P:\Libero\Mario-CM_Flex-EMG_newarch\Mario-CM_Flex-EMG_noam\SoftConsole\Mario_Libero_MSS_CM3\Mario_Libero_MSS_CM3_hw_platform\Debug\libMario_Libero_MSS_CM3_hw_platform.a(mss_gpio.o)
 .debug_aranges
                0x00000460       0x68 P:\Libero\Mario-CM_Flex-EMG_newarch\Mario-CM_Flex-EMG_noam\SoftConsole\Mario_Libero_MSS_CM3\Mario_Libero_MSS_CM3_hw_platform\Debug\libMario_Libero_MSS_CM3_hw_platform.a(core_gpio.o)
 .debug_aranges
                0x000004c8       0x50 P:\Libero\Mario-CM_Flex-EMG_newarch\Mario-CM_Flex-EMG_noam\SoftConsole\Mario_Libero_MSS_CM3\Mario_Libero_MSS_CM3_hw_platform\Debug\libMario_Libero_MSS_CM3_hw_platform.a(system_m2sxxx.o)

.debug_pubnames
                0x00000000      0xca9
 *(.debug_pubnames)
 .debug_pubnames
                0x00000000       0xe9 ./dbg.o
 .debug_pubnames
                0x000000e9       0x9a ./isr.o
 .debug_pubnames
                0x00000183       0xde ./main_SPI.o
 .debug_pubnames
                0x00000261      0x223 ./mpu6050.o
 .debug_pubnames
                0x00000484      0x212 ./utils.o
 .debug_pubnames
                0x00000696       0xeb P:/Libero/Mario-CM_Flex-EMG_newarch/Mario-CM_Flex-EMG_noam/SoftConsole/Mario_Libero_MSS_CM3/Mario_Libero_MSS_CM3_hw_platform/Debug/CMSIS/startup_gcc/newlib_stubs.o
 .debug_pubnames
                0x00000781      0x21a P:\Libero\Mario-CM_Flex-EMG_newarch\Mario-CM_Flex-EMG_noam\SoftConsole\Mario_Libero_MSS_CM3\Mario_Libero_MSS_CM3_hw_platform\Debug\libMario_Libero_MSS_CM3_hw_platform.a(mss_spi.o)
 .debug_pubnames
                0x0000099b       0xbf P:\Libero\Mario-CM_Flex-EMG_newarch\Mario-CM_Flex-EMG_noam\SoftConsole\Mario_Libero_MSS_CM3\Mario_Libero_MSS_CM3_hw_platform\Debug\libMario_Libero_MSS_CM3_hw_platform.a(mss_pdma.o)
 .debug_pubnames
                0x00000a5a       0xb1 P:\Libero\Mario-CM_Flex-EMG_newarch\Mario-CM_Flex-EMG_noam\SoftConsole\Mario_Libero_MSS_CM3\Mario_Libero_MSS_CM3_hw_platform\Debug\libMario_Libero_MSS_CM3_hw_platform.a(mss_gpio.o)
 .debug_pubnames
                0x00000b0b       0xd3 P:\Libero\Mario-CM_Flex-EMG_newarch\Mario-CM_Flex-EMG_noam\SoftConsole\Mario_Libero_MSS_CM3\Mario_Libero_MSS_CM3_hw_platform\Debug\libMario_Libero_MSS_CM3_hw_platform.a(core_gpio.o)
 .debug_pubnames
                0x00000bde       0xcb P:\Libero\Mario-CM_Flex-EMG_newarch\Mario-CM_Flex-EMG_noam\SoftConsole\Mario_Libero_MSS_CM3\Mario_Libero_MSS_CM3_hw_platform\Debug\libMario_Libero_MSS_CM3_hw_platform.a(system_m2sxxx.o)

.debug_info     0x00000000     0x800e
 *(.debug_info .gnu.linkonce.wi.*)
 .debug_info    0x00000000      0x1e3 ./dbg.o
 .debug_info    0x000001e3      0x548 ./isr.o
 .debug_info    0x0000072b     0x1b22 ./main_SPI.o
 .debug_info    0x0000224d      0x465 ./mpu6050.o
 .debug_info    0x000026b2      0x777 ./utils.o
 .debug_info    0x00002e29      0x6ed P:/Libero/Mario-CM_Flex-EMG_newarch/Mario-CM_Flex-EMG_noam/SoftConsole/Mario_Libero_MSS_CM3/Mario_Libero_MSS_CM3_hw_platform/Debug/CMSIS/startup_gcc/newlib_stubs.o
 .debug_info    0x00003516     0x1723 P:\Libero\Mario-CM_Flex-EMG_newarch\Mario-CM_Flex-EMG_noam\SoftConsole\Mario_Libero_MSS_CM3\Mario_Libero_MSS_CM3_hw_platform\Debug\libMario_Libero_MSS_CM3_hw_platform.a(mss_spi.o)
 .debug_info    0x00004c39     0x1136 P:\Libero\Mario-CM_Flex-EMG_newarch\Mario-CM_Flex-EMG_noam\SoftConsole\Mario_Libero_MSS_CM3\Mario_Libero_MSS_CM3_hw_platform\Debug\libMario_Libero_MSS_CM3_hw_platform.a(mss_pdma.o)
 .debug_info    0x00005d6f     0x1164 P:\Libero\Mario-CM_Flex-EMG_newarch\Mario-CM_Flex-EMG_noam\SoftConsole\Mario_Libero_MSS_CM3\Mario_Libero_MSS_CM3_hw_platform\Debug\libMario_Libero_MSS_CM3_hw_platform.a(mss_gpio.o)
 .debug_info    0x00006ed3      0x57c P:\Libero\Mario-CM_Flex-EMG_newarch\Mario-CM_Flex-EMG_noam\SoftConsole\Mario_Libero_MSS_CM3\Mario_Libero_MSS_CM3_hw_platform\Debug\libMario_Libero_MSS_CM3_hw_platform.a(core_gpio.o)
 .debug_info    0x0000744f      0xbbf P:\Libero\Mario-CM_Flex-EMG_newarch\Mario-CM_Flex-EMG_noam\SoftConsole\Mario_Libero_MSS_CM3\Mario_Libero_MSS_CM3_hw_platform\Debug\libMario_Libero_MSS_CM3_hw_platform.a(system_m2sxxx.o)

.debug_abbrev   0x00000000      0xfae
 *(.debug_abbrev)
 .debug_abbrev  0x00000000       0xf6 ./dbg.o
 .debug_abbrev  0x000000f6       0xee ./isr.o
 .debug_abbrev  0x000001e4      0x24a ./main_SPI.o
 .debug_abbrev  0x0000042e       0xe5 ./mpu6050.o
 .debug_abbrev  0x00000513      0x196 ./utils.o
 .debug_abbrev  0x000006a9      0x170 P:/Libero/Mario-CM_Flex-EMG_newarch/Mario-CM_Flex-EMG_noam/SoftConsole/Mario_Libero_MSS_CM3/Mario_Libero_MSS_CM3_hw_platform/Debug/CMSIS/startup_gcc/newlib_stubs.o
 .debug_abbrev  0x00000819      0x1ee P:\Libero\Mario-CM_Flex-EMG_newarch\Mario-CM_Flex-EMG_noam\SoftConsole\Mario_Libero_MSS_CM3\Mario_Libero_MSS_CM3_hw_platform\Debug\libMario_Libero_MSS_CM3_hw_platform.a(mss_spi.o)
 .debug_abbrev  0x00000a07      0x1bd P:\Libero\Mario-CM_Flex-EMG_newarch\Mario-CM_Flex-EMG_noam\SoftConsole\Mario_Libero_MSS_CM3\Mario_Libero_MSS_CM3_hw_platform\Debug\libMario_Libero_MSS_CM3_hw_platform.a(mss_pdma.o)
 .debug_abbrev  0x00000bc4      0x165 P:\Libero\Mario-CM_Flex-EMG_newarch\Mario-CM_Flex-EMG_noam\SoftConsole\Mario_Libero_MSS_CM3\Mario_Libero_MSS_CM3_hw_platform\Debug\libMario_Libero_MSS_CM3_hw_platform.a(mss_gpio.o)
 .debug_abbrev  0x00000d29      0x135 P:\Libero\Mario-CM_Flex-EMG_newarch\Mario-CM_Flex-EMG_noam\SoftConsole\Mario_Libero_MSS_CM3\Mario_Libero_MSS_CM3_hw_platform\Debug\libMario_Libero_MSS_CM3_hw_platform.a(core_gpio.o)
 .debug_abbrev  0x00000e5e      0x150 P:\Libero\Mario-CM_Flex-EMG_newarch\Mario-CM_Flex-EMG_noam\SoftConsole\Mario_Libero_MSS_CM3\Mario_Libero_MSS_CM3_hw_platform\Debug\libMario_Libero_MSS_CM3_hw_platform.a(system_m2sxxx.o)

.debug_line     0x00000000     0x475c
 *(.debug_line)
 .debug_line    0x00000000      0x484 ./dbg.o
 .debug_line    0x00000484      0xc40 ./isr.o
 .debug_line    0x000010c4      0xee8 ./main_SPI.o
 .debug_line    0x00001fac      0x5ee ./mpu6050.o
 .debug_line    0x0000259a      0x802 ./utils.o
 .debug_line    0x00002d9c      0x4b6 P:/Libero/Mario-CM_Flex-EMG_newarch/Mario-CM_Flex-EMG_noam/SoftConsole/Mario_Libero_MSS_CM3/Mario_Libero_MSS_CM3_hw_platform/Debug/CMSIS/startup_gcc/newlib_stubs.o
 .debug_line    0x00003252      0x6d1 P:\Libero\Mario-CM_Flex-EMG_newarch\Mario-CM_Flex-EMG_noam\SoftConsole\Mario_Libero_MSS_CM3\Mario_Libero_MSS_CM3_hw_platform\Debug\libMario_Libero_MSS_CM3_hw_platform.a(mss_spi.o)
 .debug_line    0x00003923      0x3de P:\Libero\Mario-CM_Flex-EMG_newarch\Mario-CM_Flex-EMG_noam\SoftConsole\Mario_Libero_MSS_CM3\Mario_Libero_MSS_CM3_hw_platform\Debug\libMario_Libero_MSS_CM3_hw_platform.a(mss_pdma.o)
 .debug_line    0x00003d01      0x389 P:\Libero\Mario-CM_Flex-EMG_newarch\Mario-CM_Flex-EMG_noam\SoftConsole\Mario_Libero_MSS_CM3\Mario_Libero_MSS_CM3_hw_platform\Debug\libMario_Libero_MSS_CM3_hw_platform.a(mss_gpio.o)
 .debug_line    0x0000408a      0x4aa P:\Libero\Mario-CM_Flex-EMG_newarch\Mario-CM_Flex-EMG_noam\SoftConsole\Mario_Libero_MSS_CM3\Mario_Libero_MSS_CM3_hw_platform\Debug\libMario_Libero_MSS_CM3_hw_platform.a(core_gpio.o)
 .debug_line    0x00004534      0x228 P:\Libero\Mario-CM_Flex-EMG_newarch\Mario-CM_Flex-EMG_noam\SoftConsole\Mario_Libero_MSS_CM3\Mario_Libero_MSS_CM3_hw_platform\Debug\libMario_Libero_MSS_CM3_hw_platform.a(system_m2sxxx.o)

.debug_frame    0x00000000     0x1074
 *(.debug_frame)
 .debug_frame   0x00000000       0xb4 ./dbg.o
 .debug_frame   0x000000b4       0xec ./isr.o
 .debug_frame   0x000001a0      0x190 ./main_SPI.o
 .debug_frame   0x00000330      0x10c ./mpu6050.o
 .debug_frame   0x0000043c      0x184 ./utils.o
 .debug_frame   0x000005c0      0x21c P:/Libero/Mario-CM_Flex-EMG_newarch/Mario-CM_Flex-EMG_noam/SoftConsole/Mario_Libero_MSS_CM3/Mario_Libero_MSS_CM3_hw_platform/Debug/CMSIS/startup_gcc/newlib_stubs.o
 .debug_frame   0x000007dc      0x320 P:\Libero\Mario-CM_Flex-EMG_newarch\Mario-CM_Flex-EMG_noam\SoftConsole\Mario_Libero_MSS_CM3\Mario_Libero_MSS_CM3_hw_platform\Debug\libMario_Libero_MSS_CM3_hw_platform.a(mss_spi.o)
 .debug_frame   0x00000afc      0x178 P:\Libero\Mario-CM_Flex-EMG_newarch\Mario-CM_Flex-EMG_noam\SoftConsole\Mario_Libero_MSS_CM3\Mario_Libero_MSS_CM3_hw_platform\Debug\libMario_Libero_MSS_CM3_hw_platform.a(mss_pdma.o)
 .debug_frame   0x00000c74      0x130 P:\Libero\Mario-CM_Flex-EMG_newarch\Mario-CM_Flex-EMG_noam\SoftConsole\Mario_Libero_MSS_CM3\Mario_Libero_MSS_CM3_hw_platform\Debug\libMario_Libero_MSS_CM3_hw_platform.a(mss_gpio.o)
 .debug_frame   0x00000da4      0x150 P:\Libero\Mario-CM_Flex-EMG_newarch\Mario-CM_Flex-EMG_noam\SoftConsole\Mario_Libero_MSS_CM3\Mario_Libero_MSS_CM3_hw_platform\Debug\libMario_Libero_MSS_CM3_hw_platform.a(core_gpio.o)
 .debug_frame   0x00000ef4       0xd8 P:\Libero\Mario-CM_Flex-EMG_newarch\Mario-CM_Flex-EMG_noam\SoftConsole\Mario_Libero_MSS_CM3\Mario_Libero_MSS_CM3_hw_platform\Debug\libMario_Libero_MSS_CM3_hw_platform.a(system_m2sxxx.o)
 .debug_frame   0x00000fcc       0x20 c:/program files (x86)/microsemi/softconsole v3.4/sourcery-g++/bin/../lib/gcc/arm-none-eabi/4.4.1/../../../../arm-none-eabi/lib/thumb2\libc.a(lib_a-errno.o)
 .debug_frame   0x00000fec       0x2c c:/program files (x86)/microsemi/softconsole v3.4/sourcery-g++/bin/../lib/gcc/arm-none-eabi/4.4.1/../../../../arm-none-eabi/lib/thumb2\libc.a(lib_a-init.o)
 .debug_frame   0x00001018       0x34 c:/program files (x86)/microsemi/softconsole v3.4/sourcery-g++/bin/../lib/gcc/arm-none-eabi/4.4.1/../../../../arm-none-eabi/lib/thumb2\libc.a(lib_a-memcpy.o)
 .debug_frame   0x0000104c       0x28 c:/program files (x86)/microsemi/softconsole v3.4/sourcery-g++/bin/../lib/gcc/arm-none-eabi/4.4.1/../../../../arm-none-eabi/lib/thumb2\libc.a(lib_a-memset.o)

.debug_str      0x00000000     0x2bda
 *(.debug_str)
 .debug_str     0x00000000      0x1ac ./dbg.o
                                0x1ed (size before relaxing)
 .debug_str     0x000001ac      0x492 ./isr.o
                                0x6de (size before relaxing)
 .debug_str     0x0000063e     0x146b ./main_SPI.o
                               0x1ba1 (size before relaxing)
 .debug_str     0x00001aa9      0x1f6 ./mpu6050.o
                                0x34e (size before relaxing)
 .debug_str     0x00001c9f      0x15e ./utils.o
                                0x632 (size before relaxing)
 .debug_str     0x00001dfd      0x27d P:/Libero/Mario-CM_Flex-EMG_newarch/Mario-CM_Flex-EMG_noam/SoftConsole/Mario_Libero_MSS_CM3/Mario_Libero_MSS_CM3_hw_platform/Debug/CMSIS/startup_gcc/newlib_stubs.o
                                0x356 (size before relaxing)
 .debug_str     0x0000207a      0x364 P:\Libero\Mario-CM_Flex-EMG_newarch\Mario-CM_Flex-EMG_noam\SoftConsole\Mario_Libero_MSS_CM3\Mario_Libero_MSS_CM3_hw_platform\Debug\libMario_Libero_MSS_CM3_hw_platform.a(mss_spi.o)
                               0x1575 (size before relaxing)
 .debug_str     0x000023de      0x276 P:\Libero\Mario-CM_Flex-EMG_newarch\Mario-CM_Flex-EMG_noam\SoftConsole\Mario_Libero_MSS_CM3\Mario_Libero_MSS_CM3_hw_platform\Debug\libMario_Libero_MSS_CM3_hw_platform.a(mss_pdma.o)
                               0x126f (size before relaxing)
 .debug_str     0x00002654      0x2ec P:\Libero\Mario-CM_Flex-EMG_newarch\Mario-CM_Flex-EMG_noam\SoftConsole\Mario_Libero_MSS_CM3\Mario_Libero_MSS_CM3_hw_platform\Debug\libMario_Libero_MSS_CM3_hw_platform.a(mss_gpio.o)
                               0x1236 (size before relaxing)
 .debug_str     0x00002940       0x9a P:\Libero\Mario-CM_Flex-EMG_newarch\Mario-CM_Flex-EMG_noam\SoftConsole\Mario_Libero_MSS_CM3\Mario_Libero_MSS_CM3_hw_platform\Debug\libMario_Libero_MSS_CM3_hw_platform.a(core_gpio.o)
                                0x48a (size before relaxing)
 .debug_str     0x000029da      0x200 P:\Libero\Mario-CM_Flex-EMG_newarch\Mario-CM_Flex-EMG_noam\SoftConsole\Mario_Libero_MSS_CM3\Mario_Libero_MSS_CM3_hw_platform\Debug\libMario_Libero_MSS_CM3_hw_platform.a(system_m2sxxx.o)
                                0xa36 (size before relaxing)

.debug_loc      0x00000000     0x1aec
 *(.debug_loc)
 .debug_loc     0x00000000      0x126 ./dbg.o
 .debug_loc     0x00000126      0x158 ./isr.o
 .debug_loc     0x0000027e      0x2a7 ./main_SPI.o
 .debug_loc     0x00000525      0x1ba ./mpu6050.o
 .debug_loc     0x000006df      0x2b3 ./utils.o
 .debug_loc     0x00000992      0x3c6 P:/Libero/Mario-CM_Flex-EMG_newarch/Mario-CM_Flex-EMG_noam/SoftConsole/Mario_Libero_MSS_CM3/Mario_Libero_MSS_CM3_hw_platform/Debug/CMSIS/startup_gcc/newlib_stubs.o
 .debug_loc     0x00000d58      0x549 P:\Libero\Mario-CM_Flex-EMG_newarch\Mario-CM_Flex-EMG_noam\SoftConsole\Mario_Libero_MSS_CM3\Mario_Libero_MSS_CM3_hw_platform\Debug\libMario_Libero_MSS_CM3_hw_platform.a(mss_spi.o)
 .debug_loc     0x000012a1      0x296 P:\Libero\Mario-CM_Flex-EMG_newarch\Mario-CM_Flex-EMG_noam\SoftConsole\Mario_Libero_MSS_CM3\Mario_Libero_MSS_CM3_hw_platform\Debug\libMario_Libero_MSS_CM3_hw_platform.a(mss_pdma.o)
 .debug_loc     0x00001537      0x226 P:\Libero\Mario-CM_Flex-EMG_newarch\Mario-CM_Flex-EMG_noam\SoftConsole\Mario_Libero_MSS_CM3\Mario_Libero_MSS_CM3_hw_platform\Debug\libMario_Libero_MSS_CM3_hw_platform.a(mss_gpio.o)
 .debug_loc     0x0000175d      0x226 P:\Libero\Mario-CM_Flex-EMG_newarch\Mario-CM_Flex-EMG_noam\SoftConsole\Mario_Libero_MSS_CM3\Mario_Libero_MSS_CM3_hw_platform\Debug\libMario_Libero_MSS_CM3_hw_platform.a(core_gpio.o)
 .debug_loc     0x00001983      0x169 P:\Libero\Mario-CM_Flex-EMG_newarch\Mario-CM_Flex-EMG_noam\SoftConsole\Mario_Libero_MSS_CM3\Mario_Libero_MSS_CM3_hw_platform\Debug\libMario_Libero_MSS_CM3_hw_platform.a(system_m2sxxx.o)

.debug_macinfo  0x00000000    0x5fc4a
 *(.debug_macinfo)
 .debug_macinfo
                0x00000000     0x9f64 ./dbg.o
 .debug_macinfo
                0x00009f64     0xc73a ./isr.o
 .debug_macinfo
                0x0001669e     0xd214 ./main_SPI.o
 .debug_macinfo
                0x000238b2     0xa55e ./mpu6050.o
 .debug_macinfo
                0x0002de10     0xac5c ./utils.o
 .debug_macinfo
                0x00038a6c     0x4bf0 P:/Libero/Mario-CM_Flex-EMG_newarch/Mario-CM_Flex-EMG_noam/SoftConsole/Mario_Libero_MSS_CM3/Mario_Libero_MSS_CM3_hw_platform/Debug/CMSIS/startup_gcc/newlib_stubs.o
 .debug_macinfo
                0x0003d65c     0x8fd8 P:\Libero\Mario-CM_Flex-EMG_newarch\Mario-CM_Flex-EMG_noam\SoftConsole\Mario_Libero_MSS_CM3\Mario_Libero_MSS_CM3_hw_platform\Debug\libMario_Libero_MSS_CM3_hw_platform.a(mss_spi.o)
 .debug_macinfo
                0x00046634     0x82c8 P:\Libero\Mario-CM_Flex-EMG_newarch\Mario-CM_Flex-EMG_noam\SoftConsole\Mario_Libero_MSS_CM3\Mario_Libero_MSS_CM3_hw_platform\Debug\libMario_Libero_MSS_CM3_hw_platform.a(mss_pdma.o)
 .debug_macinfo
                0x0004e8fc     0x777c P:\Libero\Mario-CM_Flex-EMG_newarch\Mario-CM_Flex-EMG_noam\SoftConsole\Mario_Libero_MSS_CM3\Mario_Libero_MSS_CM3_hw_platform\Debug\libMario_Libero_MSS_CM3_hw_platform.a(mss_gpio.o)
 .debug_macinfo
                0x00056078     0x2804 P:\Libero\Mario-CM_Flex-EMG_newarch\Mario-CM_Flex-EMG_noam\SoftConsole\Mario_Libero_MSS_CM3\Mario_Libero_MSS_CM3_hw_platform\Debug\libMario_Libero_MSS_CM3_hw_platform.a(core_gpio.o)
 .debug_macinfo
                0x0005887c     0x73ce P:\Libero\Mario-CM_Flex-EMG_newarch\Mario-CM_Flex-EMG_noam\SoftConsole\Mario_Libero_MSS_CM3\Mario_Libero_MSS_CM3_hw_platform\Debug\libMario_Libero_MSS_CM3_hw_platform.a(system_m2sxxx.o)

.debug_weaknames
 *(.debug_weaknames)

.debug_funcnames
 *(.debug_funcnames)

.debug_typenames
 *(.debug_typenames)

.debug_varnames
 *(.debug_varnames)

.note.gnu.arm.ident
 *(.note.gnu.arm.ident)

.ARM.attributes
                0x00000000       0x25
 *(.ARM.attributes)
 .ARM.attributes
                0x00000000       0x19 c:/program files (x86)/microsemi/softconsole v3.4/sourcery-g++/bin/../lib/gcc/arm-none-eabi/4.4.1/thumb2/crti.o
 .ARM.attributes
                0x00000019       0x29 c:/program files (x86)/microsemi/softconsole v3.4/sourcery-g++/bin/../lib/gcc/arm-none-eabi/4.4.1/thumb2/crtbegin.o
 .ARM.attributes
                0x00000042       0x31 ./dbg.o
 .ARM.attributes
                0x00000073       0x31 ./isr.o
 .ARM.attributes
                0x000000a4       0x31 ./main_SPI.o
 .ARM.attributes
                0x000000d5       0x31 ./mpu6050.o
 .ARM.attributes
                0x00000106       0x31 ./utils.o
 .ARM.attributes
                0x00000137       0x21 P:/Libero/Mario-CM_Flex-EMG_newarch/Mario-CM_Flex-EMG_noam/SoftConsole/Mario_Libero_MSS_CM3/Mario_Libero_MSS_CM3_hw_platform/Debug/CMSIS/startup_gcc/startup_m2sxxx.o
 .ARM.attributes
                0x00000158       0x31 P:/Libero/Mario-CM_Flex-EMG_newarch/Mario-CM_Flex-EMG_noam/SoftConsole/Mario_Libero_MSS_CM3/Mario_Libero_MSS_CM3_hw_platform/Debug/CMSIS/startup_gcc/newlib_stubs.o
 .ARM.attributes
                0x00000189       0x31 P:\Libero\Mario-CM_Flex-EMG_newarch\Mario-CM_Flex-EMG_noam\SoftConsole\Mario_Libero_MSS_CM3\Mario_Libero_MSS_CM3_hw_platform\Debug\libMario_Libero_MSS_CM3_hw_platform.a(mss_spi.o)
 .ARM.attributes
                0x000001ba       0x31 P:\Libero\Mario-CM_Flex-EMG_newarch\Mario-CM_Flex-EMG_noam\SoftConsole\Mario_Libero_MSS_CM3\Mario_Libero_MSS_CM3_hw_platform\Debug\libMario_Libero_MSS_CM3_hw_platform.a(mss_pdma.o)
 .ARM.attributes
                0x000001eb       0x31 P:\Libero\Mario-CM_Flex-EMG_newarch\Mario-CM_Flex-EMG_noam\SoftConsole\Mario_Libero_MSS_CM3\Mario_Libero_MSS_CM3_hw_platform\Debug\libMario_Libero_MSS_CM3_hw_platform.a(mss_gpio.o)
 .ARM.attributes
                0x0000021c       0x31 P:\Libero\Mario-CM_Flex-EMG_newarch\Mario-CM_Flex-EMG_noam\SoftConsole\Mario_Libero_MSS_CM3\Mario_Libero_MSS_CM3_hw_platform\Debug\libMario_Libero_MSS_CM3_hw_platform.a(core_gpio.o)
 .ARM.attributes
                0x0000024d       0x31 P:\Libero\Mario-CM_Flex-EMG_newarch\Mario-CM_Flex-EMG_noam\SoftConsole\Mario_Libero_MSS_CM3\Mario_Libero_MSS_CM3_hw_platform\Debug\libMario_Libero_MSS_CM3_hw_platform.a(system_m2sxxx.o)
 .ARM.attributes
                0x0000027e       0x21 P:\Libero\Mario-CM_Flex-EMG_newarch\Mario-CM_Flex-EMG_noam\SoftConsole\Mario_Libero_MSS_CM3\Mario_Libero_MSS_CM3_hw_platform\Debug\libMario_Libero_MSS_CM3_hw_platform.a(hw_reg_access.o)
 .ARM.attributes
                0x0000029f       0x29 c:/program files (x86)/microsemi/softconsole v3.4/sourcery-g++/bin/../lib/gcc/arm-none-eabi/4.4.1/../../../../arm-none-eabi/lib/thumb2\libc.a(lib_a-errno.o)
 .ARM.attributes
                0x000002c8       0x29 c:/program files (x86)/microsemi/softconsole v3.4/sourcery-g++/bin/../lib/gcc/arm-none-eabi/4.4.1/../../../../arm-none-eabi/lib/thumb2\libc.a(lib_a-impure.o)
 .ARM.attributes
                0x000002f1       0x29 c:/program files (x86)/microsemi/softconsole v3.4/sourcery-g++/bin/../lib/gcc/arm-none-eabi/4.4.1/../../../../arm-none-eabi/lib/thumb2\libc.a(lib_a-init.o)
 .ARM.attributes
                0x0000031a       0x29 c:/program files (x86)/microsemi/softconsole v3.4/sourcery-g++/bin/../lib/gcc/arm-none-eabi/4.4.1/../../../../arm-none-eabi/lib/thumb2\libc.a(lib_a-memcpy.o)
 .ARM.attributes
                0x00000343       0x29 c:/program files (x86)/microsemi/softconsole v3.4/sourcery-g++/bin/../lib/gcc/arm-none-eabi/4.4.1/../../../../arm-none-eabi/lib/thumb2\libc.a(lib_a-memset.o)
 .ARM.attributes
                0x0000036c       0x29 c:/program files (x86)/microsemi/softconsole v3.4/sourcery-g++/bin/../lib/gcc/arm-none-eabi/4.4.1/thumb2/crtend.o
 .ARM.attributes
                0x00000395       0x19 c:/program files (x86)/microsemi/softconsole v3.4/sourcery-g++/bin/../lib/gcc/arm-none-eabi/4.4.1/thumb2/crtn.o

/DISCARD/
 *(.note.GNU-stack)
 *(.isr_vector)
OUTPUT(Mario_Libero_MSS_CM3_app elf32-littlearm)

.debug_ranges   0x00000000      0x4c0
 .debug_ranges  0x00000000       0x40 ./dbg.o
 .debug_ranges  0x00000040       0x50 ./isr.o
 .debug_ranges  0x00000090       0x78 ./main_SPI.o
 .debug_ranges  0x00000108       0x50 ./mpu6050.o
 .debug_ranges  0x00000158       0x78 ./utils.o
 .debug_ranges  0x000001d0       0xa0 P:/Libero/Mario-CM_Flex-EMG_newarch/Mario-CM_Flex-EMG_noam/SoftConsole/Mario_Libero_MSS_CM3/Mario_Libero_MSS_CM3_hw_platform/Debug/CMSIS/startup_gcc/newlib_stubs.o
 .debug_ranges  0x00000270       0xd8 P:\Libero\Mario-CM_Flex-EMG_newarch\Mario-CM_Flex-EMG_noam\SoftConsole\Mario_Libero_MSS_CM3\Mario_Libero_MSS_CM3_hw_platform\Debug\libMario_Libero_MSS_CM3_hw_platform.a(mss_spi.o)
 .debug_ranges  0x00000348       0x70 P:\Libero\Mario-CM_Flex-EMG_newarch\Mario-CM_Flex-EMG_noam\SoftConsole\Mario_Libero_MSS_CM3\Mario_Libero_MSS_CM3_hw_platform\Debug\libMario_Libero_MSS_CM3_hw_platform.a(mss_pdma.o)
 .debug_ranges  0x000003b8       0x60 P:\Libero\Mario-CM_Flex-EMG_newarch\Mario-CM_Flex-EMG_noam\SoftConsole\Mario_Libero_MSS_CM3\Mario_Libero_MSS_CM3_hw_platform\Debug\libMario_Libero_MSS_CM3_hw_platform.a(mss_gpio.o)
 .debug_ranges  0x00000418       0x60 P:\Libero\Mario-CM_Flex-EMG_newarch\Mario-CM_Flex-EMG_noam\SoftConsole\Mario_Libero_MSS_CM3\Mario_Libero_MSS_CM3_hw_platform\Debug\libMario_Libero_MSS_CM3_hw_platform.a(core_gpio.o)
 .debug_ranges  0x00000478       0x48 P:\Libero\Mario-CM_Flex-EMG_newarch\Mario-CM_Flex-EMG_noam\SoftConsole\Mario_Libero_MSS_CM3\Mario_Libero_MSS_CM3_hw_platform\Debug\libMario_Libero_MSS_CM3_hw_platform.a(system_m2sxxx.o)
