*****************************************************************
Pin Report - Date: Fri Apr 05 23:46:10 2019 Pinchecksum: NOT-AVAILABLE
Product: Designer
Release: v11.8 SP3
Version: 11.8.3.6
Design Name: Mario_Libero
Family: SmartFusion2
Die: M2S060T
Package: 325 FCSBGA
*****************************************************************

Port         |Pin |Fixed |Function                                            |Bank     |I/O Std   |Direction                      |I/O state in Flash*Freeze mode |Resistor Pull                      |I/O available in Flash*Freeze mode |Schmitt Trigger |Odt_Static    |Odt Imp (Ohm)  |Low Power Exit |Input Delay |Slew         |Pre-Emphasis      |Output Drive (mA) |Output Load (pF) |
-------------|----|------|----------------------------------------------------|---------|----------|-------------------------------|-------------------------------|-----------------------------------|-----------------------------------|----------------|--------------|---------------|---------------|------------|-------------|------------------|------------------|-----------------|
ACC_CLKIN     D1   No     MSIO43PB2/MMUART_1_CLK/GPIO_25_B/GB14/VCCC_SE1_CLKI  Bank2     LVCMOS33   Output                          TRISTATE                        None                                No                                  ---              ---            ---             ---             ---          ---           ---                4                  5                 
C2N_DATA_0    K5   Yes    MSIO26PB3                                            Bank3     LVCMOS12   Output                          TRISTATE                        None                                No                                  ---              ---            ---             ---             ---          SLOW          ---                4                  5                 
C2N_VALID_0   K4   Yes    MSIO26NB3                                            Bank3     LVCMOS12   Output                          TRISTATE                        None                                No                                  ---              ---            ---             ---             ---          SLOW          ---                4                  5                 
CLK_OUT       Y2   Yes    MSIO5NB4                                             Bank4     LVCMOS18   Output                          TRISTATE                        None                                No                                  ---              ---            ---             ---             ---          SLOW          ---                4                  5                 
CLK_OUT2      W2   Yes    MSIO5PB4                                             Bank4     LVCMOS18   Output                          TRISTATE                        None                                No                                  ---              ---            ---             ---             ---          SLOW          ---                4                  5                 
DDR_CKE       G9   Yes    DDRIO62PB1/MDDR_CKE                                  Bank1     LVCMOS18   Output                          TRISTATE                        None                                No                                  ---              ---            ---             ---             ---          SLOW          ---                4                  5                 
DDR_CSN       G10  Yes    DDRIO62NB1/MDDR_CS_N                                 Bank1     LVCMOS18   Output                          TRISTATE                        None                                No                                  ---              ---            ---             ---             ---          SLOW          ---                4                  5                 
MMUART_1_RXD  D2   Yes    MSIO43NB2/MMUART_1_RXD/GPIO_26_B                     Bank2     LVCMOS33   Input                           TRISTATE                        None                                No                                  Off              ---            ---             Off             Off          ---           ---                ---                ---               
MMUART_1_TXD  E1   Yes    MSIO42NB2/MMUART_1_TXD/GPIO_24_B                     Bank2     LVCMOS33   Output                          TRISTATE                        None                                No                                  ---              ---            ---             ---             ---          ---           ---                4                  5                 
N2C_DATA_0    K7   Yes    MSIO27NB3                                            Bank3     LVCMOS12   Input                           TRISTATE                        None                                No                                  Off              Off            50              Off             Off          ---           ---                ---                ---               
SPI_0_CLK     U2   Yes    MSIO12PB4/SPI_0_CLK/USB_XCLK_A                       Bank4     LVCMOS18   Output                          TRISTATE                        None                                No                                  ---              ---            ---             ---             ---          SLOW          ---                4                  5                 
SPI_0_DI      U1   Yes    MSIO12NB4/SPI_0_SDI/GPIO_5_A/USB_DIR_A               Bank4     LVCMOS18   Input                           TRISTATE                        None                                No                                  Off              Off            50              Off             Off          ---           ---                ---                ---               
SPI_0_DO      P4   Yes    MSIO13PB4/SPI_0_SDO/GPIO_6_A/USB_STP_A               Bank4     LVCMOS18   Output                          TRISTATE                        None                                No                                  ---              ---            ---             ---             ---          SLOW          ---                4                  5                 
SPI_0_SS0     P5   Yes    MSIO13NB4/SPI_0_SS0/GPIO_7_A/USB_NXT_A               Bank4     LVCMOS18   Output                          TRISTATE                        None                                No                                  ---              ---            ---             ---             ---          SLOW          ---                4                  5                 
SPI_DEBUG     Y1   Yes    MSIO2NB4                                             Bank4     LVCMOS18   Output                          TRISTATE                        None                                No                                  ---              ---            ---             ---             ---          SLOW          ---                4                  5                 
XTL           AA4  Fixed  XTLOSC_MAIN_XTAL                                     ---       
