*****************************************************************
Pin Report - Date: Fri Apr 05 23:46:10 2019 Pinchecksum: NOT-AVAILABLE
Product: Designer
Release: v11.8 SP3
Version: 11.8.3.6
Design Name: Mario_Libero
Family: SmartFusion2
Die: M2S060T
Package: 325 FCSBGA
*****************************************************************

Number |Port         |Function                                               |State      |I/O Std  |Direction |I/O state in Flash*Freeze mode |Resistor Pull |I/O available in Flash*Freeze mode |Schmitt Trigger |Odt_Static |Odt Imp (Ohm) |Low Power Exit |Input Delay |Slew |Pre-Emphasis |Output Drive (mA) |Output Load (pF) |
-------|-------------|-------------------------------------------------------|-----------|---------|----------|-------------------------------|--------------|-----------------------------------|----------------|-----------|--------------|---------------|------------|-----|-------------|------------------|-----------------|
A1                    VSS                                                     Reserved    
A2                    DDRIO54NB1/MDDR_ADDR7                                   Unassigned  
A3                    DDRIO54PB1/MDDR_ODT                                     Unassigned  
A4                    DDRIO58NB1/MDDR_ADDR0                                   Unassigned  
A5                    DDRIO56PB1/MDDR_ADDR3                                   Unassigned  
A6                    VSS                                                     Reserved    
A7                    DDRIO60NB1/MDDR_CLK_N                                   Unassigned  
A8                    DDRIO63PB1/MDDR_RAS_N                                   Unassigned  
A9                    DDRIO63NB1/MDDR_WE_N                                    Unassigned  
A10                   DDRIO64NB1/MDDR_DQ15                                    Unassigned  
A11                   VSS                                                     Reserved    
A12                   DDRIO72PB1/MDDR_DM_RDQS0                                Unassigned  
A13                   DDRIO72NB1/MDDR_DQ4                                     Unassigned  
A14                   DDRIO71PB1/MDDR_DQ5                                     Unassigned  
A15                   DDRIO73PB1/MDDR_DQS0                                    Unassigned  
A16                   VSS                                                     Reserved    
A17                   DDRIO76NB1                                              Unassigned  
A18                   DDRIO76PB1/CCC_NW1_CLKI3                                Special     
A19                   DDRIO78PB1/MDDR_TMATCH_ECC_IN                           Unassigned  
A20                   DDRIO81PB1/MDDR_TMATCH_ECC_OUT                          Unassigned  
A21                   VSS                                                     Reserved    
AA1                   VSS                                                     Reserved    
AA2                   MSIO2PB4                                                Unassigned  
AA3                   JTAG_TMS/M3_TMS/M3_SWDIO                                Reserved    
AA4     XTL           XTLOSC_MAIN_XTAL                                        Dedicated   
AA5                   XTLOSC_AUX_EXTAL                                        Reserved    
AA6                   MSIO168PB6                                              Unassigned  
AA7                   MSIO168NB6                                              Unassigned  
AA8                   MSIO175NB6                                              Unassigned  
AA9                   VDDI6                                                   Reserved    
AA10                  MSIO162NB6/CCC_SW0_CLKI2                                Special     
AA11                  User Reserved                                           Unassigned  
AA12                  VSS                                                     Reserved    
AA13                  SERDES_0_TXD2_N                                         Reserved    
AA14                  VSS                                                     Reserved    
AA15                  SERDES_0_RXD2_P                                         Reserved    
AA16                  VSS                                                     Reserved    
AA17                  SERDES_0_TXD0_P                                         Reserved    
AA18                  VSS                                                     Reserved    
AA19                  SERDES_0_RXD0_N                                         Reserved    
AA20                  VSS                                                     Reserved    
AA21                  MSIOD160NB7/SERDES_0_REFCLK0_N                          Unassigned  
B1                    DDRIO52NB1/MDDR_ADDR11                                  Unassigned  
B2                    DDRIO52PB1/MDDR_ADDR10                                  Unassigned  
B3                    VDDI1                                                   Reserved    
B4                    DDRIO58PB1/MDDR_BA2                                     Unassigned  
B5                    DDRIO56NB1/MDDR_ADDR4                                   Unassigned  
B6                    DDRIO59NB1/MDDR_BA1                                     Unassigned  
B7                    DDRIO60PB1/MDDR_CLK                                     Unassigned  
B8                    VDDI1                                                   Reserved    
B9                    DDRIO64PB1/MDDR_DQ14/CCC_NE1_CLKI3                      Special     
B10                   DDRIO67NB1/MDDR_DQS1_N                                  Unassigned  
B11                   DDRIO69NB1/MDDR_DQ9                                     Unassigned  
B12                   DDRIO69PB1/MDDR_DQ8                                     Unassigned  
B13                   VDDI1                                                   Reserved    
B14                   DDRIO71NB1/MDDR_DQ6                                     Unassigned  
B15                   DDRIO73NB1/MDDR_DQS0_N                                  Unassigned  
B16                   DDRIO79PB1/MDDR_DQS_ECC                                 Unassigned  
B17                   DDRIO79NB1/MDDR_DQS_ECC_N                               Unassigned  
B18                   VDDI1                                                   Reserved    
B19                   DDRIO78NB1/MDDR_DM_RDQS_ECC                             Unassigned  
B20                   DDRIO81NB1/CCC_NW0_CLKI2                                Special     
B21                   MSIO122NB9                                              Unassigned  
C1                    DDRIO50PB1/MDDR_ADDR14                                  Unassigned  
C2                    DDRIO50NB1/MDDR_ADDR15                                  Unassigned  
C6                    DDRIO59PB1/MDDR_BA0                                     Unassigned  
C11                   DDRIO67PB1/MDDR_DQS1/GB8/CCC_NE0_CLKI3                  Special     
C16                   DDRIO80NB1/GB4/CCC_NW1_CLKI2                            Special     
C20                   MSIO120PB9                                              Unassigned  
C21                   MSIO122PB9                                              Unassigned  
D1      ACC_CLKIN     MSIO43PB2/MMUART_1_CLK/GPIO_25_B/GB14/VCCC_SE1_CLKI     Special     LVCMOS33  Output     TRISTATE                        None           No                                  ---              ---         ---            ---             ---          ---   ---           4                  5                 
D2      MMUART_1_RXD  MSIO43NB2/MMUART_1_RXD/GPIO_26_B                        Fixed       LVCMOS33  Input      TRISTATE                        None           No                                  Off              ---         ---            Off             Off          ---   ---           ---                ---               
D4                    DDRIO51NB1/MDDR_ADDR13                                  Unassigned  
D5                    DDRIO55PB1/MDDR_ADDR5                                   Unassigned  
D6                    DDRIO55NB1/MDDR_ADDR6                                   Unassigned  
D7                    VSS                                                     Reserved    
D8                    DDRIO61NB1/MDDR_CAS_N                                   Unassigned  
D9                    DDRIO65PB1/MDDR_DQ12/GB12/CCC_NE1_CLKI2                 Special     
D10                   DDRIO66PB1/MDDR_TMATCH_0_IN                             Unassigned  
D11                   DDRIO66NB1/MDDR_DM_RDQS1                                Unassigned  
D12                   VSS                                                     Reserved    
D13                   DDRIO75PB1/MDDR_DQ0                                     Unassigned  
D14                   DDRIO74PB1/MDDR_DQ2                                     Unassigned  
D15                   DDRIO74NB1/MDDR_DQ3                                     Unassigned  
D16                   DDRIO80PB1/GB0/CCC_NW0_CLKI3                            Special     
D17                   VSS                                                     Reserved    
D18                   MDDR_IMP_CALIB                                          Reserved    
D20                   VDDI9                                                   Reserved    
D21                   MSIO120NB9                                              Unassigned  
E1      MMUART_1_TXD  MSIO42NB2/MMUART_1_TXD/GPIO_24_B                        Fixed       LVCMOS33  Output     TRISTATE                        None           No                                  ---              ---         ---            ---             ---          ---   ---           4                  5                 
E2                    VDDI2                                                   Reserved    
E4                    DDRIO51PB1/MDDR_ADDR12                                  Unassigned  
E5                    DDRIO53NB1/MDDR_ADDR9                                   Unassigned  
E6                    DDRIO57NB1/MDDR_ADDR2                                   Unassigned  
E7                    DDRIO57PB1/MDDR_ADDR1                                   Unassigned  
E8                    DDRIO61PB1/MDDR_RESET_N                                 Unassigned  
E9                    VDDI1                                                   Reserved    
E10                   DDRIO65NB1/MDDR_DQ13                                    Unassigned  
E11                   DDRIO68PB1/MDDR_DQ10/CCC_NE0_CLKI2                      Special     
E12                   DDRIO68NB1/MDDR_DQ11                                    Unassigned  
E13                   DDRIO75NB1/MDDR_DQ1                                     Unassigned  
E14                   VDDI1                                                   Reserved    
E15                   DDRIO77PB1/MDDR_DQ_ECC1                                 Unassigned  
E16                   DDRIO77NB1/MDDR_DQ_ECC0                                 Unassigned  
E17                   MSIO128NB9                                              Unassigned  
E18                   MSIO128PB9                                              Unassigned  
E20                   MSIO130NB9                                              Unassigned  
E21                   MSIO130PB9                                              Unassigned  
F1                    MSIO42PB2/GB10/VCCC_SE0_CLKI                            Special     
F2                    MSIO41PB2/MMUART_1_RI/GPIO_15_B/CCC_NE1_CLKI1           Special     
F3                    MSIO41NB2/MMUART_1_DCD/GPIO_16_B                        Unassigned  
F4                    VSS                                                     Reserved    
F5                    DDRIO53PB1/MDDR_ADDR8                                   Unassigned  
F17                   VDDI9                                                   Reserved    
F18                   MSIO118PB9                                              Unassigned  
F19                   MSIO131NB9                                              Unassigned  
F20                   MSIO131PB9                                              Unassigned  
F21                   VSS                                                     Reserved    
G1                    MSIO40NB2/MMUART_1_DSR/GPIO_14_B                        Unassigned  
G2                    MSIO40PB2/MMUART_1_CTS/GPIO_13_B/CCC_NE0_CLKI1          Special     
G4                    MSIO39PB2/MMUART_1_RTS/GPIO_11_B                        Unassigned  
G5                    MSIO39NB2/MMUART_1_DTR/GPIO_12_B                        Unassigned  
G7                    CCC_NE0_NE1_MSS_MDDR_PLL_VSSA                           Reserved    
G8                    VREF                                                    Reserved    
G9      DDR_CKE       DDRIO62PB1/MDDR_CKE                                     Fixed       LVCMOS18  Output     TRISTATE                        None           No                                  ---              ---         ---            ---             ---          SLOW  ---           4                  5                 
G10     DDR_CSN       DDRIO62NB1/MDDR_CS_N                                    Fixed       LVCMOS18  Output     TRISTATE                        None           No                                  ---              ---         ---            ---             ---          SLOW  ---           4                  5                 
G11                   DDRIO70PB1/MDDR_DQ7                                     Unassigned  
G12                   VREF                                                    Reserved    
G13                   DDRIO70NB1/MDDR_TMATCH_0_OUT                            Unassigned  
G14                   VSS                                                     Reserved    
G15                   CCC_NW0_NW1_PLL_VDDA                                    Reserved    
G17                   MSIO118NB9                                              Unassigned  
G18                   MSIO132NB9                                              Unassigned  
G20                   MSIO134NB9                                              Unassigned  
G21                   MSIO134PB9                                              Unassigned  
H1                    VSS                                                     Reserved    
H2                    MSIO38NB3/GPIO_10_B                                     Unassigned  
H4                    MSIO35NB3/GPIO_4_B                                      Unassigned  
H5                    MSIO35PB3/GPIO_3_B                                      Unassigned  
H7                    CCC_NE0_NE1_MSS_MDDR_PLL_VDDA                           Reserved    
H15                   CCC_NW0_NW1_PLL_VSSA                                    Reserved    
H17                   MSIO132PB9                                              Unassigned  
H18                   VSS                                                     Reserved    
H20                   MSIO119PB9                                              Unassigned  
H21                   MSIO119NB9                                              Unassigned  
J1                    MSIO38PB3/GPIO_9_B                                      Unassigned  
J2                    MSIO33NB3/GPIO_0_B                                      Unassigned  
J4                    MSIO30PB3                                               Unassigned  
J5                    VDDI3                                                   Reserved    
J7                    VSS                                                     Reserved    
J9                    VSSNVM                                                  Reserved    
J10                   VSS                                                     Reserved    
J11                   VSS                                                     Reserved    
J12                   VDDI1                                                   Reserved    
J13                   VDDI1                                                   Reserved    
J15                   VDDI9                                                   Reserved    
J17                   MSIO135PB9                                              Unassigned  
J18                   MSIO135NB9                                              Unassigned  
J20                   MSIO136NB9                                              Unassigned  
J21                   MSIO136PB9                                              Unassigned  
K1                    MSIO33PB3/GPIO_31_A                                     Unassigned  
K2                    MSIO30NB3                                               Unassigned  
K4      C2N_VALID_0   MSIO26NB3                                               Fixed       LVCMOS12  Output     TRISTATE                        None           No                                  ---              ---         ---            ---             ---          SLOW  ---           4                  5                 
K5      C2N_DATA_0    MSIO26PB3                                               Fixed       LVCMOS12  Output     TRISTATE                        None           No                                  ---              ---         ---            ---             ---          SLOW  ---           4                  5                 
K7      N2C_DATA_0    MSIO27NB3                                               Fixed       LVCMOS12  Input      TRISTATE                        None           No                                  Off              Off         50             Off             Off          ---   ---           ---                ---               
K9                    VPPNVM                                                  Reserved    
K10                   VDD                                                     Reserved    
K11                   VDD                                                     Reserved    
K12                   VSS                                                     Reserved    
K13                   VSS                                                     Reserved    
K15                   MSIO138PB9                                              Unassigned  
K17                   MSIO126PB9/CCC_NW0_CLKI0                                Special     
K18                   MSIO126NB9                                              Unassigned  
K20                   VDDI9                                                   Reserved    
K21                   MSIO139PB9                                              Unassigned  
L1                    MSIO24PB4/SPI_1_SS2/GPIO_15_A                           Unassigned  
L2                    MSIO24NB4/SPI_1_SS3/GPIO_16_A                           Unassigned  
L3                    MSIO23NB4/SPI_1_SS1/GPIO_14_A                           Unassigned  
L4                    VSS                                                     Reserved    
L5                    MSIO17NB4/SPI_1_SS0/GPIO_13_A                           Unassigned  
L7                    MSIO27PB3                                               Unassigned  
L9                    JTAG_TCK/M3_TCK                                         Reserved    
L10                   VDD                                                     Reserved    
L11                   VDD                                                     Reserved    
L12                   VSS                                                     Reserved    
L13                   VSS                                                     Reserved    
L15                   MSIO138NB9                                              Unassigned  
L17                   MSIO125PB9/CCC_NW1_CLKI0                                Special     
L18                   MSIO125NB9                                              Unassigned  
L19                   MSIO123PB9/GB6/CCC_NW1_CLKI1                            Special     
L20                   MSIO124PB9/GB2/CCC_NW0_CLKI1                            Special     
L21                   MSIO139NB9                                              Unassigned  
M1                    MSIO22PB4/SPI_0_SS1/GPIO_8_A/USB_DATA5_A                Unassigned  
M2                    VDDI4                                                   Reserved    
M4                    MSIO23PB4/SPI_0_SS3/GPIO_10_A/USB_DATA7_A               Unassigned  
M5                    MSIO17PB4/SPI_1_SDO/GPIO_12_A                           Unassigned  
M7                    VPP                                                     Reserved    
M9                    DEVRST_N                                                Reserved    
M10                   VSS                                                     Reserved    
M11                   VSS                                                     Reserved    
M12                   VDD                                                     Reserved    
M13                   VDD                                                     Reserved    
M15                   MSIOD145NB8                                             Unassigned  
M17                   VSS                                                     Reserved    
M18                   MSIO123NB9                                              Unassigned  
M20                   MSIO124NB9                                              Unassigned  
M21                   VSS                                                     Reserved    
N1                    MSIO22NB4/SPI_0_SS2/GPIO_9_A/USB_DATA6_A                Unassigned  
N2                    MSIO20NB4/GPIO_26_A/GB13/VCCC_SE1_CLKI                  Special     
N4                    MSIO16PB4/SPI_1_CLK                                     Unassigned  
N5                    VDDI4                                                   Reserved    
N7                    MSIO16NB4/SPI_1_SDI/GPIO_11_A                           Unassigned  
N9                    JTAG_TDI/M3_TDI                                         Reserved    
N10                   VSS                                                     Reserved    
N11                   VSS                                                     Reserved    
N12                   VDD                                                     Reserved    
N13                   VDD                                                     Reserved    
N15                   VDDI8                                                   Reserved    
N17                   MSIOD145PB8/CCC_SW0_CLKI0                               Special     
N18                   MSIOD144PB8/CCC_SW1_CLKI0                               Special     
N20                   MSIO140PB9                                              Unassigned  
N21                   MSIO140NB9                                              Unassigned  
P1                    MSIO20PB4/GPIO_25_A/GB9/VCCC_SE0_CLKI                   Special     
P2                    MSIO18PB4/SPI_1_SS4/GPIO_17_A                           Unassigned  
P4      SPI_0_DO      MSIO13PB4/SPI_0_SDO/GPIO_6_A/USB_STP_A                  Fixed       LVCMOS18  Output     TRISTATE                        None           No                                  ---              ---         ---            ---             ---          SLOW  ---           4                  5                 
P5      SPI_0_SS0     MSIO13NB4/SPI_0_SS0/GPIO_7_A/USB_NXT_A                  Fixed       LVCMOS18  Output     TRISTATE                        None           No                                  ---              ---         ---            ---             ---          SLOW  ---           4                  5                 
P7                    VSS                                                     Reserved    
P15                   VSS                                                     Reserved    
P17                   MSIOD144NB8                                             Unassigned  
P18                   MSIOD154PB8                                             Unassigned  
P20                   MSIOD142NB8                                             Unassigned  
P21                   MSIOD142PB8/GB5/CCC_SW1_CLKI1                           Special     
R1                    VSS                                                     Reserved    
R2                    MSIO18NB4/SPI_1_SS5/GPIO_18_A                           Unassigned  
R4                    MSIO11PB4/I2C_1_SDA/GPIO_0_A/USB_DATA3_A/CCC_NE0_CLKI0  Special     
R5                    MSIO11NB4/I2C_1_SCL/GPIO_1_A/USB_DATA4_A/CCC_NE1_CLKI0  Special     
R7                    JTAG_TDO/M3_TDO/M3_SWO                                  Reserved    
R8                    MSIO179PB6/VCCC_SE1_CLKI                                Special     
R9                    MSIO179NB6                                              Unassigned  
R10                   VDDI6                                                   Reserved    
R11                   NC                                                      Reserved    
R12                   VDD                                                     Reserved    
R13                   VDD                                                     Reserved    
R14                   CCC_SW0_SW1_PLL_VDDA                                    Reserved    
R15                   CCC_SW0_SW1_PLL_VSSA                                    Reserved    
R17                   MSIOD154NB8                                             Unassigned  
R18                   VDDI8                                                   Reserved    
R20                   MSIOD143NB8                                             Unassigned  
R21                   MSIOD143PB8/GB1/CCC_SW0_CLKI1                           Special     
T1                    MSIO14NB4/SPI_0_SS5/GPIO_20_A                           Unassigned  
T2                    MSIO14PB4/SPI_0_SS4/GPIO_19_A                           Unassigned  
T3                    MSIO4NB4                                                Unassigned  
T4                    VSS                                                     Reserved    
T5                    MSIO8PB4/CAN_RX/GPIO_3_A/USB_DATA1_A                    Unassigned  
T17                   MSIOD153PB8                                             Unassigned  
T18                   MSIOD153NB8                                             Unassigned  
T19                   MSIOD152PB8                                             Unassigned  
T20                   MSIOD152NB8                                             Unassigned  
T21                   VSS                                                     Reserved    
U1      SPI_0_DI      MSIO12NB4/SPI_0_SDI/GPIO_5_A/USB_DIR_A                  Fixed       LVCMOS18  Input      TRISTATE                        None           No                                  Off              Off         50             Off             Off          ---   ---           ---                ---               
U2      SPI_0_CLK     MSIO12PB4/SPI_0_CLK/USB_XCLK_A                          Fixed       LVCMOS18  Output     TRISTATE                        None           No                                  ---              ---         ---            ---             ---          SLOW  ---           4                  5                 
U4                    MSIO4PB4                                                Unassigned  
U5                    MSIO8NB4/CAN_TX_EN_N/GPIO_4_A/USB_DATA2_A               Unassigned  
U6                    VSS                                                     Reserved    
U7                    VSS                                                     Reserved    
U8                    MSIO169PB6                                              Unassigned  
U9                    MSIO169NB6                                              Unassigned  
U10                   MSIO176PB6/GB11/VCCC_SE0_CLKI                           Special     
U11                   MSIO167PB6/GB3/CCC_SW0_CLKI3                            Special     
U12                   MSIO167NB6/GB7/CCC_SW1_CLKI2                            Special     
U13                   VSS                                                     Reserved    
U14                   SERDES_0_L23_VDDAIO                                     Reserved    
U15                   SERDES_0_PLL_VDDA                                       Reserved    
U16                   VSS                                                     Reserved    
U17                   SERDES_0_PLL_VSSA                                       Reserved    
U18                   MSIOD146NB8                                             Unassigned  
U20                   MSIOD146PB8                                             Unassigned  
U21                   MSIOD148NB8                                             Unassigned  
V1                    MSIO7NB4/CAN_TX/GPIO_2_A/USB_DATA0_A                    Unassigned  
V2                    VDDI4                                                   Reserved    
V4                    JTAGSEL                                                 Reserved    
V5                    VDDI5                                                   Reserved    
V6                    MSIO172NB6                                              Unassigned  
V7                    MSIO171PB6                                              Unassigned  
V8                    MSIO171NB6                                              Unassigned  
V9                    VDDI6                                                   Reserved    
V10                   MSIO176NB6                                              Unassigned  
V11                   MSIO174NB6                                              Unassigned  
V12                   VPP                                                     Reserved    
V13                   SERDES_0_L23_REFRET                                     Reserved    
V14                   SERDES_0_L23_VDDAPLL                                    Reserved    
V15                   SERDES_0_L01_REFRET                                     Reserved    
V16                   SERDES_0_L01_VDDAIO                                     Reserved    
V17                   SERDES_0_L23_REXT                                       Reserved    
V18                   SERDES_0_L01_REXT                                       Reserved    
V20                   MSIOD148PB8                                             Unassigned  
V21                   MSIOD161NB7/SERDES_0_REFCLK1_N                          Unassigned  
W1                    MSIO7PB4                                                Unassigned  
W2      CLK_OUT2      MSIO5PB4                                                Fixed       LVCMOS18  Output     TRISTATE                        None           No                                  ---              ---         ---            ---             ---          SLOW  ---           4                  5                 
W6                    MSIO172PB6                                              Unassigned  
W11                   MSIO174PB6/CCC_SW1_CLKI3                                Special     
W16                   SERDES_0_L01_VDDAPLL                                    Reserved    
W20                   VDDI7                                                   Reserved    
W21                   MSIOD161PB7/SERDES_0_REFCLK1_P                          Unassigned  
Y1      SPI_DEBUG     MSIO2NB4                                                Fixed       LVCMOS18  Output     TRISTATE                        None           No                                  ---              ---         ---            ---             ---          SLOW  ---           4                  5                 
Y2      CLK_OUT       MSIO5NB4                                                Fixed       LVCMOS18  Output     TRISTATE                        None           No                                  ---              ---         ---            ---             ---          SLOW  ---           4                  5                 
Y3                    JTAG_TRSTB/M3_TRSTB                                     Reserved    
Y4                    XTLOSC_MAIN_EXTAL                                       Reserved    
Y5                    XTLOSC_AUX_XTAL                                         Reserved    
Y6                    VSS                                                     Reserved    
Y7                    MSIO178NB6                                              Unassigned  
Y8                    MSIO178PB6/GB15/VCCC_SE1_CLKI                           Special     
Y9                    MSIO175PB6/VCCC_SE0_CLKI                                Special     
Y10                   MSIO162PB6                                              Unassigned  
Y11                   User Reserved                                           Unassigned  
Y12                   VSS                                                     Reserved    
Y13                   SERDES_0_TXD2_P                                         Reserved    
Y14                   VSS                                                     Reserved    
Y15                   SERDES_0_RXD2_N                                         Reserved    
Y16                   VSS                                                     Reserved    
Y17                   SERDES_0_TXD0_N                                         Reserved    
Y18                   VSS                                                     Reserved    
Y19                   SERDES_0_RXD0_P                                         Reserved    
Y20                   VSS                                                     Reserved    
Y21                   MSIOD160PB7/SERDES_0_REFCLK0_P                          Unassigned  
