Compile Report
Microsemi Corporation - Microsemi Libero Software Release v11.7 SP3 (Version 11.7.3.8)
Date: Wed Feb 14 12:13:43 2018

Device Selection
+--------------------------------+----------------+
| Family                         | SmartFusion2   |
| Device                         | M2S060T        |
| Package                        | 325 FCSBGA     |
| Speed Grade                    | STD            |
| Temp                           | 0:25:85        |
| Voltage                        | 1.26:1.20:1.14 |
| Core Voltage                   | 1.2V           |
| Ramp Rate                      | 100ms Minimum  |
| System Controller Suspend Mode | No             |
| PLL Supply Voltage             | 2.5V           |
| Default I/O technology         | LVCMOS 3.3V    |
| Restrict Probe Pins            | Yes            |
| Restrict SPI Pins              | No             |
+--------------------------------+----------------+

Source Files
+---------+------------------------------------------------------------------------------------------+
| Topcell | Mario_Libero                                                                             |
| Format  | EDIF                                                                                     |
| Source  | P:\OMNI\Libero\mario_laptop_sf2_newarch\Mario_SF2_noam\synthesis\Mario_Libero.edn        |
| Source  | P:\OMNI\Libero\mario_laptop_sf2_newarch\Mario_SF2_noam\synthesis\Mario_Libero_sdc.sdc    |
| Source  | P:\OMNI\Libero\mario_laptop_sf2_newarch\Mario_SF2_noam\constraint\io\Mario_Libero.io.pdc |
| Source  | P:\OMNI\Libero\mario_laptop_sf2_newarch\Mario_SF2_noam\constraint\fp\Mario_Libero.fp.pdc |
+---------+------------------------------------------------------------------------------------------+

Options
+---------------------------------------------------------+-------+
| Merge User SDC file(s) with Existing Timing Constraints | true  |
| Abort Compile if errors are found in PDC file(s)        | true  |
| Enable Single Event Transient mitigation                | false |
| Enable Design Separation Methodology                    | false |
| Limit the number of high fanout nets to display to      | 10    |
+---------------------------------------------------------+-------+

Resource Usage
+---------------------------+-------+-------+------------+
| Type                      | Used  | Total | Percentage |
+---------------------------+-------+-------+------------+
| 4LUT                      | 13661 | 56520 | 24.17      |
| DFF                       | 12582 | 56520 | 22.26      |
| I/O Register              | 0     | 594   | 0.00       |
| User I/O                  | 24    | 198   | 12.12      |
| -- Single-ended I/O       | 24    | 198   | 12.12      |
| -- Differential I/O Pairs | 0     | 99    | 0.00       |
| RAM64x18                  | 68    | 72    | 94.44      |
| RAM1K18                   | 4     | 69    | 5.80       |
| MACC                      | 10    | 72    | 13.89      |
| Chip Globals              | 6     | 16    | 37.50      |
| CCC                       | 1     | 6     | 16.67      |
| RCOSC_25_50MHZ            | 0     | 1     | 0.00       |
| RCOSC_1MHZ                | 0     | 1     | 0.00       |
| XTLOSC                    | 1     | 1     | 100.00     |
| SERDESIF Blocks           | 0     | 1     | 0.00       |
| -- SERDESIF Lanes         | 0     | 2     | 0.00       |
| MSS                       | 1     | 1     | 100.00     |
+---------------------------+-------+-------+------------+

Detailed Logic Resource Usage
+--------------------------+-------+-------+
| Type                     | 4LUT  | DFF   |
+--------------------------+-------+-------+
| Fabric Logic             | 10709 | 9630  |
| RAM64x18 Interface Logic | 2448  | 2448  |
| RAM1K18 Interface Logic  | 144   | 144   |
| MACC Interface Logic     | 360   | 360   |
| Total Used               | 13661 | 12582 |
+--------------------------+-------+-------+

MSS Resource Usage
+---------------+------+-------+
| Type          | Used | Total |
+---------------+------+-------+
| Cortex-M3*    | 1    | 1     |
| eNVM (256KB)* | 1    | 1     |
| eSRAM*        | 2    | 2     |
| TIMER*        | 2    | 2     |
| CAN           | 0    | 1     |
| SPI           | 1    | 2     |
| I2C           | 0    | 2     |
| UART          | 1    | 2     |
| USB           | 0    | 1     |
| MAC           | 0    | 1     |
| MDDR          | 0    | 1     |
| HPDMA         | 1    | 1     |
| PDMA          | 1    | 1     |
+---------------+------+-------+

* These resources are always marked as used when you are using the MSS

Detailed Carry Chains Resource Usage
+--------+------+
| Length | Used |
| 2      | 1    |
| 3      | 2    |
| 4      | 1    |
| 5      | 1    |
| 6      | 69   |
| 7      | 13   |
| 8      | 12   |
| 9      | 11   |
| 10     | 9    |
| 11     | 4    |
| 12     | 4    |
| 13     | 2    |
| 15     | 1    |
| 16     | 9    |
| 17     | 4    |
| Total  | 143  |
+--------+------+

Detailed MACC Resource Usage
+--------+------+
| Length | Used |
| 1      | 2    |
| 2      | 4    |
| Total  | 6    |
+--------+------+

I/O Function
+-------------------------------+--------------+-------------+-----------------+
| Type                          | w/o register | w/ register | w/ DDR register |
+-------------------------------+--------------+-------------+-----------------+
| Input I/O                     | 5            | 0           | 0               |
| Output I/O                    | 17           | 0           | 0               |
| Bidirectional I/O             | 2            | 0           | 0               |
| Differential Input I/O Pairs  | 0            | 0           | 0               |
| Differential Output I/O Pairs | 0            | 0           | 0               |
+-------------------------------+--------------+-------------+-----------------+

I/O Technology
+--------------+--------+------+-------+--------+---------------+
| I/O Standard | Vddi   | Vref | Input | Output | Bidirectional |
+--------------+--------+------+-------+--------+---------------+
| LVCMOS33     |  3.30v |  N/A |  1    |  1     |  0            |
| LVCMOS12     |  1.20v |  N/A |  2    |  4     |  0            |
| LVCMOS18     |  1.80v |  N/A |  2    |  12    |  2            |
+--------------+--------+------+-------+--------+---------------+

I/O Placement
+----------+-------+------------+
| Type     | Count | Percentage |
+----------+-------+------------+
| Locked   |  24   | 100.00%    |
| Placed   |  0    | 0.00%      |
| UnPlaced |  0    | 0.00%      |
+----------+-------+------------+

Nets assigned to chip global resources
+--------+---------+---------------------------------------------------------------------------------------------------------------------------------------------------------+
| Fanout | Type    | Name                                                                                                                                                    |
+--------+---------+---------------------------------------------------------------------------------------------------------------------------------------------------------+
| 7970   | INT_NET | Net   : Mario_Libero_MSS_0_MSS_RESET_N_M2F                                                                                                              |
|        |         | Driver: Mario_Libero_MSS_0/MSS_ADLIB_INST_RNIERND/U0_RGB1                                                                                               |
|        |         | Source: NETLIST                                                                                                                                         |
| 7516   | INT_NET | Net   : FCCC_0_GL0_0                                                                                                                                    |
|        |         | Driver: FCCC_0/GL0_INST/U0_RGB1                                                                                                                         |
|        |         | Source: NETLIST                                                                                                                                         |
| 2304   | INT_NET | Net   : FCCC_0_GL1                                                                                                                                      |
|        |         | Driver: FCCC_0/GL1_INST/U0_RGB1                                                                                                                         |
|        |         | Source: NETLIST                                                                                                                                         |
| 48     | INT_NET | Net   : cm_top_0/nm_if_0/pdma_if_0/N_16_i                                                                                                               |
|        |         | Driver: cm_top_0/nm_if_0/pdma_if_0/un1_rstb_i_0_RNINA9F/U0_RGB1                                                                                         |
|        |         | Source: NETLIST                                                                                                                                         |
| 25     | INT_NET | Net   : cm_top_0/nm_if_0/nm_channel_1/adc_datapath_0/adc_fft_if_0/COREFFT_0/genblk1.DUT_INPLACE/divider_i_1[2]                                          |
|        |         | Driver: cm_top_0/nm_if_0/nm_channel_1/adc_datapath_0/adc_fft_if_0/COREFFT_0/genblk1_DUT_INPLACE/slowClock_0/divider_inferred_clock_RNIPHK8_0[2]/U0_RGB1 |
|        |         | Source: NETLIST                                                                                                                                         |
| 25     | INT_NET | Net   : cm_top_0/nm_if_0/nm_channel_0/adc_datapath_0/adc_fft_if_0/COREFFT_0/genblk1.DUT_INPLACE/divider_i_1[2]                                          |
|        |         | Driver: cm_top_0/nm_if_0/nm_channel_0/adc_datapath_0/adc_fft_if_0/COREFFT_0/genblk1_DUT_INPLACE/slowClock_0/divider_inferred_clock_RNIOH1A_0[2]/U0_RGB1 |
|        |         | Source: NETLIST                                                                                                                                         |
+--------+---------+---------------------------------------------------------------------------------------------------------------------------------------------------------+

Nets assigned to row global resources
+--------+------+------+
| Fanout | Type | Name |
+--------+------+------+
+--------+------+------+

High fanout nets
+--------+---------+--------------------------------------------------------------------------------------------+
| Fanout | Type    | Name                                                                                       |
+--------+---------+--------------------------------------------------------------------------------------------+
| 1460   | INT_NET | Net   : cm_top_0/acc_if_0/acc_irq_p/current_state[3]                                       |
|        |         | Driver: cm_top_0/acc_if_0/acc_irq_p/current_state[3]                                       |
| 1033   | INT_NET | Net   : cm_top_0/nmic_rx_0_pkt_done                                                        |
|        |         | Driver: cm_top_0/nm_if_0/nm_channel_0/nmic_rx_0/current_state[7]                           |
| 1031   | INT_NET | Net   : cm_top_0/nm_if_0/nm_channel_1/nmic_rx_0_pkt_done                                   |
|        |         | Driver: cm_top_0/nm_if_0/nm_channel_1/nmic_rx_0/current_state[7]                           |
| 1026   | INT_NET | Net   : cm_top_0/start_i_2                                                                 |
|        |         | Driver: cm_top_0/nm_if_0/nm_channel_0/nmic_rx_0/adc_rx_start_i_0_0                         |
| 1025   | INT_NET | Net   : cm_top_0/nm_if_0/nm_channel_1/start_i_1                                            |
|        |         | Driver: cm_top_0/nm_if_0/nm_channel_1/nmic_rx_0/adc_rx_start_i_0_0                         |
| 1024   | INT_NET | Net   : cm_top_0/nm_if_0/nm_channel_1/adc_datapath_0/adc_frame_buffer_0/un1_rx_bit_valid_0 |
|        |         | Driver: cm_top_0/nm_if_0/nm_channel_1/adc_datapath_0/adc_frame_buffer_0/un1_rx_bit_valid   |
| 1024   | INT_NET | Net   : cm_top_0/nm_if_0/nm_channel_0/adc_datapath_0/adc_frame_buffer_0/un1_rx_bit_valid   |
|        |         | Driver: cm_top_0/nm_if_0/nm_channel_0/adc_datapath_0/adc_frame_buffer_0/un1_rx_bit_valid   |
| 993    | INT_NET | Net   : cm_top_0/acc_if_0/acc_irq_p/current_state_ns_i_o2_0_o2[0]                          |
|        |         | Driver: cm_top_0/acc_if_0/acc_irq_p/current_state_ns_i_o2_0_o2[0]                          |
| 516    | INT_NET | Net   : cm_top_0/nm_if_0/nm_channel_0/adc_datapath_0/adc_vector_compressor_0/chan_cnt[5]   |
|        |         | Driver: cm_top_0/nm_if_0/nm_channel_0/adc_datapath_0/adc_vector_compressor_0/chan_cnt[5]   |
| 515    | INT_NET | Net   : cm_top_0/nm_if_0/nm_channel_1/adc_datapath_0/adc_vector_compressor_0/chan_cnt[5]   |
|        |         | Driver: cm_top_0/nm_if_0/nm_channel_1/adc_datapath_0/adc_vector_compressor_0/chan_cnt[5]   |
+--------+---------+--------------------------------------------------------------------------------------------+

High fanout nets (through buffer trees)
+--------+---------+--------------------------------------------------------------------------------------------+
| Fanout | Type    | Name                                                                                       |
+--------+---------+--------------------------------------------------------------------------------------------+
| 1460   | INT_NET | Net   : cm_top_0/acc_if_0/acc_irq_p/current_state[3]                                       |
|        |         | Driver: cm_top_0/acc_if_0/acc_irq_p/current_state[3]                                       |
| 1033   | INT_NET | Net   : cm_top_0/nmic_rx_0_pkt_done                                                        |
|        |         | Driver: cm_top_0/nm_if_0/nm_channel_0/nmic_rx_0/current_state[7]                           |
| 1031   | INT_NET | Net   : cm_top_0/nm_if_0/nm_channel_1/nmic_rx_0_pkt_done                                   |
|        |         | Driver: cm_top_0/nm_if_0/nm_channel_1/nmic_rx_0/current_state[7]                           |
| 1026   | INT_NET | Net   : cm_top_0/start_i_2                                                                 |
|        |         | Driver: cm_top_0/nm_if_0/nm_channel_0/nmic_rx_0/adc_rx_start_i_0_0                         |
| 1025   | INT_NET | Net   : cm_top_0/nm_if_0/nm_channel_1/start_i_1                                            |
|        |         | Driver: cm_top_0/nm_if_0/nm_channel_1/nmic_rx_0/adc_rx_start_i_0_0                         |
| 1024   | INT_NET | Net   : cm_top_0/nm_if_0/nm_channel_1/adc_datapath_0/adc_frame_buffer_0/un1_rx_bit_valid_0 |
|        |         | Driver: cm_top_0/nm_if_0/nm_channel_1/adc_datapath_0/adc_frame_buffer_0/un1_rx_bit_valid   |
| 1024   | INT_NET | Net   : cm_top_0/nm_if_0/nm_channel_0/adc_datapath_0/adc_frame_buffer_0/un1_rx_bit_valid   |
|        |         | Driver: cm_top_0/nm_if_0/nm_channel_0/adc_datapath_0/adc_frame_buffer_0/un1_rx_bit_valid   |
| 993    | INT_NET | Net   : cm_top_0/acc_if_0/acc_irq_p/current_state_ns_i_o2_0_o2[0]                          |
|        |         | Driver: cm_top_0/acc_if_0/acc_irq_p/current_state_ns_i_o2_0_o2[0]                          |
| 516    | INT_NET | Net   : cm_top_0/nm_if_0/nm_channel_0/adc_datapath_0/adc_vector_compressor_0/chan_cnt[5]   |
|        |         | Driver: cm_top_0/nm_if_0/nm_channel_0/adc_datapath_0/adc_vector_compressor_0/chan_cnt[5]   |
| 515    | INT_NET | Net   : cm_top_0/nm_if_0/nm_channel_1/adc_datapath_0/adc_vector_compressor_0/chan_cnt[5]   |
|        |         | Driver: cm_top_0/nm_if_0/nm_channel_1/adc_datapath_0/adc_vector_compressor_0/chan_cnt[5]   |
+--------+---------+--------------------------------------------------------------------------------------------+

